Component: ARM Compiler 5.06 update 7 (build 960) Tool: armlink [4d3601]

==============================================================================

Section Cross References

    startup_stm32f103xb.o(RESET) refers to startup_stm32f103xb.o(STACK) for __initial_sp
    startup_stm32f103xb.o(RESET) refers to startup_stm32f103xb.o(.text) for Reset_Handler
    startup_stm32f103xb.o(RESET) refers to stm32f1xx_it.o(i.NMI_Handler) for NMI_Handler
    startup_stm32f103xb.o(RESET) refers to stm32f1xx_it.o(i.HardFault_Handler) for HardFault_Handler
    startup_stm32f103xb.o(RESET) refers to stm32f1xx_it.o(i.MemManage_Handler) for MemManage_Handler
    startup_stm32f103xb.o(RESET) refers to stm32f1xx_it.o(i.BusFault_Handler) for BusFault_Handler
    startup_stm32f103xb.o(RESET) refers to stm32f1xx_it.o(i.UsageFault_Handler) for UsageFault_Handler
    startup_stm32f103xb.o(RESET) refers to stm32f1xx_it.o(i.SVC_Handler) for SVC_Handler
    startup_stm32f103xb.o(RESET) refers to stm32f1xx_it.o(i.DebugMon_Handler) for DebugMon_Handler
    startup_stm32f103xb.o(RESET) refers to stm32f1xx_it.o(i.PendSV_Handler) for PendSV_Handler
    startup_stm32f103xb.o(RESET) refers to stm32f1xx_it.o(i.SysTick_Handler) for SysTick_Handler
    startup_stm32f103xb.o(RESET) refers to stm32f1xx_it.o(i.DMA1_Channel2_IRQHandler) for DMA1_Channel2_IRQHandler
    startup_stm32f103xb.o(RESET) refers to stm32f1xx_it.o(i.USB_LP_CAN1_RX0_IRQHandler) for USB_LP_CAN1_RX0_IRQHandler
    startup_stm32f103xb.o(RESET) refers to stm32f1xx_it.o(i.USART1_IRQHandler) for USART1_IRQHandler
    startup_stm32f103xb.o(.text) refers to system_stm32f1xx.o(i.SystemInit) for SystemInit
    startup_stm32f103xb.o(.text) refers to entry.o(.ARM.Collect$$$$00000000) for __main
    stm32f1xx_hal_pcd.o(i.HAL_PCD_ActivateRemoteWakeup) refers to stm32f1xx_ll_usb.o(i.USB_ActivateRemoteWakeup) for USB_ActivateRemoteWakeup
    stm32f1xx_hal_pcd.o(i.HAL_PCD_DeActivateRemoteWakeup) refers to stm32f1xx_ll_usb.o(i.USB_DeActivateRemoteWakeup) for USB_DeActivateRemoteWakeup
    stm32f1xx_hal_pcd.o(i.HAL_PCD_DeInit) refers to stm32f1xx_ll_usb.o(i.USB_StopDevice) for USB_StopDevice
    stm32f1xx_hal_pcd.o(i.HAL_PCD_DeInit) refers to usbd_conf.o(i.HAL_PCD_MspDeInit) for HAL_PCD_MspDeInit
    stm32f1xx_hal_pcd.o(i.HAL_PCD_DevConnect) refers to usbd_conf.o(i.HAL_PCDEx_SetConnectionState) for HAL_PCDEx_SetConnectionState
    stm32f1xx_hal_pcd.o(i.HAL_PCD_DevConnect) refers to stm32f1xx_ll_usb.o(i.USB_DevConnect) for USB_DevConnect
    stm32f1xx_hal_pcd.o(i.HAL_PCD_DevDisconnect) refers to usbd_conf.o(i.HAL_PCDEx_SetConnectionState) for HAL_PCDEx_SetConnectionState
    stm32f1xx_hal_pcd.o(i.HAL_PCD_DevDisconnect) refers to stm32f1xx_ll_usb.o(i.USB_DevDisconnect) for USB_DevDisconnect
    stm32f1xx_hal_pcd.o(i.HAL_PCD_EP_Abort) refers to stm32f1xx_ll_usb.o(i.USB_EPStopXfer) for USB_EPStopXfer
    stm32f1xx_hal_pcd.o(i.HAL_PCD_EP_Close) refers to stm32f1xx_ll_usb.o(i.USB_DeactivateEndpoint) for USB_DeactivateEndpoint
    stm32f1xx_hal_pcd.o(i.HAL_PCD_EP_ClrStall) refers to stm32f1xx_ll_usb.o(i.USB_EPClearStall) for USB_EPClearStall
    stm32f1xx_hal_pcd.o(i.HAL_PCD_EP_DB_Receive) refers to stm32f1xx_ll_usb.o(i.USB_ReadPMA) for USB_ReadPMA
    stm32f1xx_hal_pcd.o(i.HAL_PCD_EP_DB_Transmit) refers to usbd_conf.o(i.HAL_PCD_DataInStageCallback) for HAL_PCD_DataInStageCallback
    stm32f1xx_hal_pcd.o(i.HAL_PCD_EP_DB_Transmit) refers to stm32f1xx_ll_usb.o(i.USB_WritePMA) for USB_WritePMA
    stm32f1xx_hal_pcd.o(i.HAL_PCD_EP_Flush) refers to stm32f1xx_ll_usb.o(i.USB_FlushTxFifo) for USB_FlushTxFifo
    stm32f1xx_hal_pcd.o(i.HAL_PCD_EP_Flush) refers to stm32f1xx_ll_usb.o(i.USB_FlushRxFifo) for USB_FlushRxFifo
    stm32f1xx_hal_pcd.o(i.HAL_PCD_EP_Open) refers to stm32f1xx_ll_usb.o(i.USB_ActivateEndpoint) for USB_ActivateEndpoint
    stm32f1xx_hal_pcd.o(i.HAL_PCD_EP_Receive) refers to stm32f1xx_ll_usb.o(i.USB_EPStartXfer) for USB_EPStartXfer
    stm32f1xx_hal_pcd.o(i.HAL_PCD_EP_SetStall) refers to stm32f1xx_ll_usb.o(i.USB_EPSetStall) for USB_EPSetStall
    stm32f1xx_hal_pcd.o(i.HAL_PCD_EP_SetStall) refers to stm32f1xx_ll_usb.o(i.USB_EP0_OutStart) for USB_EP0_OutStart
    stm32f1xx_hal_pcd.o(i.HAL_PCD_EP_Transmit) refers to stm32f1xx_ll_usb.o(i.USB_EPStartXfer) for USB_EPStartXfer
    stm32f1xx_hal_pcd.o(i.HAL_PCD_IRQHandler) refers to stm32f1xx_ll_usb.o(i.USB_ReadInterrupts) for USB_ReadInterrupts
    stm32f1xx_hal_pcd.o(i.HAL_PCD_IRQHandler) refers to stm32f1xx_hal_pcd.o(i.PCD_EP_ISR_Handler) for PCD_EP_ISR_Handler
    stm32f1xx_hal_pcd.o(i.HAL_PCD_IRQHandler) refers to usbd_conf.o(i.HAL_PCD_ResetCallback) for HAL_PCD_ResetCallback
    stm32f1xx_hal_pcd.o(i.HAL_PCD_IRQHandler) refers to stm32f1xx_hal_pcd.o(i.HAL_PCD_SetAddress) for HAL_PCD_SetAddress
    stm32f1xx_hal_pcd.o(i.HAL_PCD_IRQHandler) refers to usbd_conf.o(i.HAL_PCD_ResumeCallback) for HAL_PCD_ResumeCallback
    stm32f1xx_hal_pcd.o(i.HAL_PCD_IRQHandler) refers to usbd_conf.o(i.HAL_PCD_SuspendCallback) for HAL_PCD_SuspendCallback
[...]
    i.HAL_TIM_PWM_ConfigChannel              0x08002064   Section        0  stm32f1xx_hal_tim.o(i.HAL_TIM_PWM_ConfigChannel)
    i.HAL_TIM_PWM_Init                       0x08002130   Section        0  stm32f1xx_hal_tim.o(i.HAL_TIM_PWM_Init)
    i.HAL_TIM_PWM_MspInit                    0x0800218a   Section        0  stm32f1xx_hal_tim.o(i.HAL_TIM_PWM_MspInit)
    i.HAL_TIM_PWM_PulseFinishedCallback      0x0800218c   Section        0  stm32f1xx_hal_tim.o(i.HAL_TIM_PWM_PulseFinishedCallback)
    i.HAL_TIM_PWM_PulseFinishedHalfCpltCallback 0x0800218e   Section        0  stm32f1xx_hal_tim.o(i.HAL_TIM_PWM_PulseFinishedHalfCpltCallback)
    i.HAL_TIM_PWM_Start_DMA                  0x08002190   Section        0  stm32f1xx_hal_tim.o(i.HAL_TIM_PWM_Start_DMA)
    i.HAL_UARTEx_RxEventCallback             0x08002324   Section        0  stm32f1xx_hal_uart.o(i.HAL_UARTEx_RxEventCallback)
    i.HAL_UART_ErrorCallback                 0x08002326   Section        0  stm32f1xx_hal_uart.o(i.HAL_UART_ErrorCallback)
    i.HAL_UART_IRQHandler                    0x08002328   Section        0  stm32f1xx_hal_uart.o(i.HAL_UART_IRQHandler)
    i.HAL_UART_Init                          0x08002594   Section        0  stm32f1xx_hal_uart.o(i.HAL_UART_Init)
    i.HAL_UART_MspInit                       0x080025f8   Section        0  usart.o(i.HAL_UART_MspInit)
    i.HAL_UART_RxCpltCallback                0x08002678   Section        0  stm32f1xx_hal_uart.o(i.HAL_UART_RxCpltCallback)
    i.HAL_UART_TxCpltCallback                0x0800267a   Section        0  stm32f1xx_hal_uart.o(i.HAL_UART_TxCpltCallback)
    i.HardFault_Handler                      0x0800267c   Section        0  stm32f1xx_it.o(i.HardFault_Handler)
    i.IntToUnicode                           0x08002680   Section        0  usbd_desc.o(i.IntToUnicode)
    IntToUnicode                             0x08002681   Thumb Code    56  usbd_desc.o(i.IntToUnicode)
    i.KeyboardCTRL                           0x080026b8   Section        0  keyboardcontrol.o(i.KeyboardCTRL)
    i.MX_DMA_Init                            0x080027b8   Section        0  dma.o(i.MX_DMA_Init)
    i.MX_GPIO_Init                           0x080027e4   Section        0  gpio.o(i.MX_GPIO_Init)
    i.MX_RTC_Init                            0x080028b4   Section        0  rtc.o(i.MX_RTC_Init)
    i.MX_TIM1_Init                           0x0800291c   Section        0  tim.o(i.MX_TIM1_Init)
    i.MX_TIM3_Init                           0x080029e0   Section        0  tim.o(i.MX_TIM3_Init)
    i.MX_USART1_UART_Init                    0x08002a48   Section        0  usart.o(i.MX_USART1_UART_Init)
    i.MX_USB_DEVICE_Init                     0x08002a80   Section        0  usb_device.o(i.MX_USB_DEVICE_Init)
    i.MemManage_Handler                      0x08002ac0   Section        0  stm32f1xx_it.o(i.MemManage_Handler)
    i.NMI_Handler                            0x08002ac2   Section        0  stm32f1xx_it.o(i.NMI_Handler)
    i.OLED_Clear                             0x08002ac4   Section        0  oled.o(i.OLED_Clear)
    i.OLED_I2C_Init                          0x08002aec   Section        0  oled.o(i.OLED_I2C_Init)
    i.OLED_I2C_SendByte                      0x08002b0c   Section        0  oled.o(i.OLED_I2C_SendByte)
    i.OLED_I2C_Start                         0x08002b60   Section        0  oled.o(i.OLED_I2C_Start)
    i.OLED_I2C_Stop                          0x08002b94   Section        0  oled.o(i.OLED_I2C_Stop)
    i.OLED_Init                              0x08002bc0   Section        0  oled.o(i.OLED_Init)
    i.OLED_Pow                               0x08002c6c   Section        0  oled.o(i.OLED_Pow)
    i.OLED_SetCursor                         0x08002c7a   Section        0  oled.o(i.OLED_SetCursor)
    i.OLED_ShowChar                          0x08002c9c   Section        0  oled.o(i.OLED_ShowChar)
    i.OLED_ShowNum                           0x08002d04   Section        0  oled.o(i.OLED_ShowNum)
    i.OLED_ShowString                        0x08002d46   Section        0  oled.o(i.OLED_ShowString)
    i.OLED_WriteCommand                      0x08002d6c   Section        0  oled.o(i.OLED_WriteCommand)
    i.OLED_WriteData                         0x08002d8e   Section        0  oled.o(i.OLED_WriteData)
    i.PCD_EP_ISR_Handler                     0x08002db0   Section        0  stm32f1xx_hal_pcd.o(i.PCD_EP_ISR_Handler)
    PCD_EP_ISR_Handler                       0x08002db1   Thumb Code   934  stm32f1xx_hal_pcd.o(i.PCD_EP_ISR_Handler)
    i.PendSV_Handler                         0x08003156   Section        0  stm32f1xx_it.o(i.PendSV_Handler)
    i.RGB_ColorCtrl                          0x08003158   Section        0  rgb.o(i.RGB_ColorCtrl)
    i.RGB_Init                               0x0800330c   Section        0  rgb.o(i.RGB_Init)
    i.RGB_SendArray                          0x08003388   Section        0  rgb.o(i.RGB_SendArray)
    i.RGB_SetColor                           0x080033ac   Section        0  rgb.o(i.RGB_SetColor)
    i.RGB_Show                               0x08003430   Section        0  rgb.o(i.RGB_Show)
    i.RTC_Bcd2ToByte                         0x08003456   Section        0  stm32f1xx_hal_rtc.o(i.RTC_Bcd2ToByte)
    RTC_Bcd2ToByte                           0x08003457   Thumb Code    18  stm32f1xx_hal_rtc.o(i.RTC_Bcd2ToByte)
    i.RTC_ByteToBcd2                         0x08003468   Section        0  stm32f1xx_hal_rtc.o(i.RTC_ByteToBcd2)
    RTC_ByteToBcd2                           0x08003469   Thumb Code    22  stm32f1xx_hal_rtc.o(i.RTC_ByteToBcd2)
    i.RTC_DateUpdate                         0x0800347e   Section        0  stm32f1xx_hal_rtc.o(i.RTC_DateUpdate)
    RTC_DateUpdate                           0x0800347f   Thumb Code   174  stm32f1xx_hal_rtc.o(i.RTC_DateUpdate)
    i.RTC_EnterInitMode                      0x0800352c   Section        0  stm32f1xx_hal_rtc.o(i.RTC_EnterInitMode)
    RTC_EnterInitMode                        0x0800352d   Thumb Code    52  stm32f1xx_hal_rtc.o(i.RTC_EnterInitMode)
    i.RTC_ExitInitMode                       0x08003560   Section        0  stm32f1xx_hal_rtc.o(i.RTC_ExitInitMode)
    RTC_ExitInitMode                         0x08003561   Thumb Code    54  stm32f1xx_hal_rtc.o(i.RTC_ExitInitMode)
    i.RTC_ReadAlarmCounter                   0x08003596   Section        0  stm32f1xx_hal_rtc.o(i.RTC_ReadAlarmCounter)
    RTC_ReadAlarmCounter                     0x08003597   Thumb Code    14  stm32f1xx_hal_rtc.o(i.RTC_ReadAlarmCounter)
    i.RTC_ReadTimeCounter                    0x080035a4   Section        0  stm32f1xx_hal_rtc.o(i.RTC_ReadTimeCounter)
    RTC_ReadTimeCounter                      0x080035a5   Thumb Code    32  stm32f1xx_hal_rtc.o(i.RTC_ReadTimeCounter)
    i.RTC_WeekDayNum                         0x080035c4   Section        0  stm32f1xx_hal_rtc.o(i.RTC_WeekDayNum)
    RTC_WeekDayNum                           0x080035c5   Thumb Code    86  stm32f1xx_hal_rtc.o(i.RTC_WeekDayNum)
    i.RTC_WriteAlarmCounter                  0x0800361a   Section        0  stm32f1xx_hal_rtc.o(i.RTC_WriteAlarmCounter)
    RTC_WriteAlarmCounter                    0x0800361b   Thumb Code    40  stm32f1xx_hal_rtc.o(i.RTC_WriteAlarmCounter)
    i.RTC_WriteTimeCounter                   0x08003642   Section        0  stm32f1xx_hal_rtc.o(i.RTC_WriteTimeCounter)
    RTC_WriteTimeCounter                     0x08003643   Thumb Code    40  stm32f1xx_hal_rtc.o(i.RTC_WriteTimeCounter)
    i.Reset_Load                             0x0800366c   Section        0  rgb.o(i.Reset_Load)
    i.SVC_Handler                            0x0800368c   Section        0  stm32f1xx_it.o(i.SVC_Handler)
    i.SysTick_Handler                        0x0800368e   Section        0  stm32f1xx_it.o(i.SysTick_Handler)
    i.SystemClock_Config                     0x08003692   Section        0  main.o(i.SystemClock_Config)
    i.SystemInit                             0x08003716   Section        0  system_stm32f1xx.o(i.SystemInit)
    i.TIM_Base_SetConfig                     0x08003718   Section        0  stm32f1xx_hal_tim.o(i.TIM_Base_SetConfig)
    i.TIM_CCxChannelCmd                      0x08003790   Section        0  stm32f1xx_hal_tim.o(i.TIM_CCxChannelCmd)
    i.TIM_DMADelayPulseCplt                  0x080037aa   Section        0  stm32f1xx_hal_tim.o(i.TIM_DMADelayPulseCplt)
    TIM_DMADelayPulseCplt                    0x080037ab   Thumb Code    94  stm32f1xx_hal_tim.o(i.TIM_DMADelayPulseCplt)
    i.TIM_DMADelayPulseHalfCplt              0x08003808   Section        0  stm32f1xx_hal_tim.o(i.TIM_DMADelayPulseHalfCplt)
    i.TIM_DMAError                           0x08003840   Section        0  stm32f1xx_hal_tim.o(i.TIM_DMAError)
    i.TIM_ETR_SetConfig                      0x08003894   Section        0  stm32f1xx_hal_tim.o(i.TIM_ETR_SetConfig)
    i.TIM_ITRx_SetConfig                     0x080038a8   Section        0  stm32f1xx_hal_tim.o(i.TIM_ITRx_SetConfig)
    TIM_ITRx_SetConfig                       0x080038a9   Thumb Code    16  stm32f1xx_hal_tim.o(i.TIM_ITRx_SetConfig)
    i.TIM_OC1_SetConfig                      0x080038b8   Section        0  stm32f1xx_hal_tim.o(i.TIM_OC1_SetConfig)
    TIM_OC1_SetConfig                        0x080038b9   Thumb Code    74  stm32f1xx_hal_tim.o(i.TIM_OC1_SetConfig)
    i.TIM_OC2_SetConfig                      0x08003908   Section        0  stm32f1xx_hal_tim.o(i.TIM_OC2_SetConfig)
    i.TIM_OC3_SetConfig                      0x08003960   Section        0  stm32f1xx_hal_tim.o(i.TIM_OC3_SetConfig)
    TIM_OC3_SetConfig                        0x08003961   Thumb Code    82  stm32f1xx_hal_tim.o(i.TIM_OC3_SetConfig)
    i.TIM_OC4_SetConfig                      0x080039b8   Section        0  stm32f1xx_hal_tim.o(i.TIM_OC4_SetConfig)
    TIM_OC4_SetConfig                        0x080039b9   Thumb Code    64  stm32f1xx_hal_tim.o(i.TIM_OC4_SetConfig)
    i.TIM_TI1_ConfigInputStage               0x080039fc   Section        0  stm32f1xx_hal_tim.o(i.TIM_TI1_ConfigInputStage)
    TIM_TI1_ConfigInputStage                 0x080039fd   Thumb Code    34  stm32f1xx_hal_tim.o(i.TIM_TI1_ConfigInputStage)
    i.TIM_TI2_ConfigInputStage               0x08003a1e   Section        0  stm32f1xx_hal_tim.o(i.TIM_TI2_ConfigInputStage)
    TIM_TI2_ConfigInputStage                 0x08003a1f   Thumb Code    36  stm32f1xx_hal_tim.o(i.TIM_TI2_ConfigInputStage)
    i.UART_DMAAbortOnError                   0x08003a42   Section        0  stm32f1xx_hal_uart.o(i.UART_DMAAbortOnError)
    UART_DMAAbortOnError                     0x08003a43   Thumb Code    16  stm32f1xx_hal_uart.o(i.UART_DMAAbortOnError)
    i.UART_EndRxTransfer                     0x08003a52   Section        0  stm32f1xx_hal_uart.o(i.UART_EndRxTransfer)
    UART_EndRxTransfer                       0x08003a53   Thumb Code    78  stm32f1xx_hal_uart.o(i.UART_EndRxTransfer)
    i.UART_Receive_IT                        0x08003aa0   Section        0  stm32f1xx_hal_uart.o(i.UART_Receive_IT)
    UART_Receive_IT                          0x08003aa1   Thumb Code   194  stm32f1xx_hal_uart.o(i.UART_Receive_IT)
    i.UART_SetConfig                         0x08003b64   Section        0  stm32f1xx_hal_uart.o(i.UART_SetConfig)
    UART_SetConfig                           0x08003b65   Thumb Code   178  stm32f1xx_hal_uart.o(i.UART_SetConfig)
    i.USART1_IRQHandler                      0x08003c1c   Section        0  stm32f1xx_it.o(i.USART1_IRQHandler)
    i.USBD_ClrClassConfig                    0x08003c28   Section        0  usbd_core.o(i.USBD_ClrClassConfig)
    i.USBD_CtlContinueRx                     0x08003c36   Section        0  usbd_ioreq.o(i.USBD_CtlContinueRx)
    i.USBD_CtlContinueSendData               0x08003c46   Section        0  usbd_ioreq.o(i.USBD_CtlContinueSendData)
    i.USBD_CtlError                          0x08003c56   Section        0  usbd_ctlreq.o(i.USBD_CtlError)
    i.USBD_CtlReceiveStatus                  0x08003c6c   Section        0  usbd_ioreq.o(i.USBD_CtlReceiveStatus)
    i.USBD_CtlSendData                       0x08003c82   Section        0  usbd_ioreq.o(i.USBD_CtlSendData)
    i.USBD_CtlSendStatus                     0x08003c9c   Section        0  usbd_ioreq.o(i.USBD_CtlSendStatus)
    i.USBD_FS_ConfigStrDescriptor            0x08003cb4   Section        0  usbd_desc.o(i.USBD_FS_ConfigStrDescriptor)
    i.USBD_FS_DeviceDescriptor               0x08003cd4   Section        0  usbd_desc.o(i.USBD_FS_DeviceDescriptor)
    i.USBD_FS_InterfaceStrDescriptor         0x08003ce0   Section        0  usbd_desc.o(i.USBD_FS_InterfaceStrDescriptor)
    i.USBD_FS_LangIDStrDescriptor            0x08003d04   Section        0  usbd_desc.o(i.USBD_FS_LangIDStrDescriptor)
    i.USBD_FS_ManufacturerStrDescriptor      0x08003d10   Section        0  usbd_desc.o(i.USBD_FS_ManufacturerStrDescriptor)
    i.USBD_FS_ProductStrDescriptor           0x08003d30   Section        0  usbd_desc.o(i.USBD_FS_ProductStrDescriptor)
    i.USBD_FS_SerialStrDescriptor            0x08003d50   Section        0  usbd_desc.o(i.USBD_FS_SerialStrDescriptor)
    i.USBD_GetDescriptor                     0x08003d88   Section        0  usbd_ctlreq.o(i.USBD_GetDescriptor)
    USBD_GetDescriptor                       0x08003d89   Thumb Code   232  usbd_ctlreq.o(i.USBD_GetDescriptor)
    i.USBD_GetString                         0x08003e70   Section        0  usbd_ctlreq.o(i.USBD_GetString)
    i.USBD_Get_USB_Status                    0x08003eb8   Section        0  usbd_conf.o(i.USBD_Get_USB_Status)
    USBD_Get_USB_Status                      0x08003eb9   Thumb Code    24  usbd_conf.o(i.USBD_Get_USB_Status)
    i.USBD_HID_DataIn                        0x08003ed0   Section        0  usbd_hid.o(i.USBD_HID_DataIn)
    USBD_HID_DataIn                          0x08003ed1   Thumb Code    12  usbd_hid.o(i.USBD_HID_DataIn)
    i.USBD_HID_DeInit                        0x08003edc   Section        0  usbd_hid.o(i.USBD_HID_DeInit)
    USBD_HID_DeInit                          0x08003edd   Thumb Code    32  usbd_hid.o(i.USBD_HID_DeInit)
    i.USBD_HID_GetDeviceQualifierDesc        0x08003efc   Section        0  usbd_hid.o(i.USBD_HID_GetDeviceQualifierDesc)
    USBD_HID_GetDeviceQualifierDesc          0x08003efd   Thumb Code     8  usbd_hid.o(i.USBD_HID_GetDeviceQualifierDesc)
    i.USBD_HID_GetFSCfgDesc                  0x08003f08   Section        0  usbd_hid.o(i.USBD_HID_GetFSCfgDesc)
    USBD_HID_GetFSCfgDesc                    0x08003f09   Thumb Code     8  usbd_hid.o(i.USBD_HID_GetFSCfgDesc)
    i.USBD_HID_GetHSCfgDesc                  0x08003f14   Section        0  usbd_hid.o(i.USBD_HID_GetHSCfgDesc)
    USBD_HID_GetHSCfgDesc                    0x08003f15   Thumb Code     8  usbd_hid.o(i.USBD_HID_GetHSCfgDesc)
    i.USBD_HID_GetOtherSpeedCfgDesc          0x08003f20   Section        0  usbd_hid.o(i.USBD_HID_GetOtherSpeedCfgDesc)
    USBD_HID_GetOtherSpeedCfgDesc            0x08003f21   Thumb Code     8  usbd_hid.o(i.USBD_HID_GetOtherSpeedCfgDesc)
    i.USBD_HID_Init                          0x08003f2c   Section        0  usbd_hid.o(i.USBD_HID_Init)
    USBD_HID_Init                            0x08003f2d   Thumb Code    42  usbd_hid.o(i.USBD_HID_Init)
    i.USBD_HID_SendReport                    0x08003f56   Section        0  usbd_hid.o(i.USBD_HID_SendReport)
    i.USBD_HID_Setup                         0x08003f7c   Section        0  usbd_hid.o(i.USBD_HID_Setup)
    USBD_HID_Setup                           0x08003f7d   Thumb Code   196  usbd_hid.o(i.USBD_HID_Setup)
    i.USBD_Init                              0x08004044   Section        0  usbd_core.o(i.USBD_Init)
    i.USBD_LL_ClearStallEP                   0x0800406e   Section        0  usbd_conf.o(i.USBD_LL_ClearStallEP)
    i.USBD_LL_CloseEP                        0x08004080   Section        0  usbd_conf.o(i.USBD_LL_CloseEP)
    i.USBD_LL_DataInStage                    0x08004092   Section        0  usbd_core.o(i.USBD_LL_DataInStage)
    i.USBD_LL_DataOutStage                   0x08004158   Section        0  usbd_core.o(i.USBD_LL_DataOutStage)
    i.USBD_LL_Init                           0x080041dc   Section        0  usbd_conf.o(i.USBD_LL_Init)
    i.USBD_LL_IsStallEP                      0x08004244   Section        0  usbd_conf.o(i.USBD_LL_IsStallEP)
    i.USBD_LL_OpenEP                         0x08004262   Section        0  usbd_conf.o(i.USBD_LL_OpenEP)
    i.USBD_LL_PrepareReceive                 0x0800427a   Section        0  usbd_conf.o(i.USBD_LL_PrepareReceive)
    i.USBD_LL_Reset                          0x0800428c   Section        0  usbd_core.o(i.USBD_LL_Reset)
    i.USBD_LL_Resume                         0x080042dc   Section        0  usbd_core.o(i.USBD_LL_Resume)
    i.USBD_LL_SOF                            0x080042f0   Section        0  usbd_core.o(i.USBD_LL_SOF)
    i.USBD_LL_SetSpeed                       0x08004308   Section        0  usbd_core.o(i.USBD_LL_SetSpeed)
    i.USBD_LL_SetUSBAddress                  0x0800430e   Section        0  usbd_conf.o(i.USBD_LL_SetUSBAddress)
    i.USBD_LL_SetupStage                     0x08004320   Section        0  usbd_core.o(i.USBD_LL_SetupStage)
    i.USBD_LL_StallEP                        0x0800437a   Section        0  usbd_conf.o(i.USBD_LL_StallEP)
    i.USBD_LL_Start                          0x0800438c   Section        0  usbd_conf.o(i.USBD_LL_Start)
    i.USBD_LL_Suspend                        0x0800439e   Section        0  usbd_core.o(i.USBD_LL_Suspend)
    i.USBD_LL_Transmit                       0x080043b0   Section        0  usbd_conf.o(i.USBD_LL_Transmit)
    i.USBD_ParseSetupRequest                 0x080043c2   Section        0  usbd_ctlreq.o(i.USBD_ParseSetupRequest)
    i.USBD_RegisterClass                     0x080043ea   Section        0  usbd_core.o(i.USBD_RegisterClass)
    i.USBD_SetClassConfig                    0x080043fa   Section        0  usbd_core.o(i.USBD_SetClassConfig)
    i.USBD_SetConfig                         0x08004410   Section        0  usbd_ctlreq.o(i.USBD_SetConfig)
    USBD_SetConfig                           0x08004411   Thumb Code   128  usbd_ctlreq.o(i.USBD_SetConfig)
    i.USBD_Start                             0x08004494   Section        0  usbd_core.o(i.USBD_Start)
    i.USBD_StdDevReq                         0x0800449e   Section        0  usbd_ctlreq.o(i.USBD_StdDevReq)
    i.USBD_StdEPReq                          0x080045b0   Section        0  usbd_ctlreq.o(i.USBD_StdEPReq)
    i.USBD_StdItfReq                         0x08004700   Section        0  usbd_ctlreq.o(i.USBD_StdItfReq)
    i.USBD_static_free                       0x0800474e   Section        0  usbd_conf.o(i.USBD_static_free)
    i.USBD_static_malloc                     0x08004750   Section        0  usbd_conf.o(i.USBD_static_malloc)
    i.USB_ActivateEndpoint                   0x08004758   Section        0  stm32f1xx_ll_usb.o(i.USB_ActivateEndpoint)
    i.USB_CoreInit                           0x080049f4   Section        0  stm32f1xx_ll_usb.o(i.USB_CoreInit)
    i.USB_DeactivateEndpoint                 0x080049f8   Section        0  stm32f1xx_ll_usb.o(i.USB_DeactivateEndpoint)
    i.USB_DevConnect                         0x08004b06   Section        0  stm32f1xx_ll_usb.o(i.USB_DevConnect)
    i.USB_DevDisconnect                      0x08004b0a   Section        0  stm32f1xx_ll_usb.o(i.USB_DevDisconnect)
    i.USB_DevInit                            0x08004b0e   Section        0  stm32f1xx_ll_usb.o(i.USB_DevInit)
    i.USB_DisableGlobalInt                   0x08004b20   Section        0  stm32f1xx_ll_usb.o(i.USB_DisableGlobalInt)
    i.USB_EP0_OutStart                       0x08004b2e   Section        0  stm32f1xx_ll_usb.o(i.USB_EP0_OutStart)
    i.USB_EPClearStall                       0x08004b32   Section        0  stm32f1xx_ll_usb.o(i.USB_EPClearStall)
    i.USB_EPSetStall                         0x08004baa   Section        0  stm32f1xx_ll_usb.o(i.USB_EPSetStall)
    i.USB_EPStartXfer                        0x08004bdc   Section        0  stm32f1xx_ll_usb.o(i.USB_EPStartXfer)
    i.USB_EnableGlobalInt                    0x080050be   Section        0  stm32f1xx_ll_usb.o(i.USB_EnableGlobalInt)
    i.USB_LP_CAN1_RX0_IRQHandler             0x080050d0   Section        0  stm32f1xx_it.o(i.USB_LP_CAN1_RX0_IRQHandler)
    i.USB_ReadInterrupts                     0x080050dc   Section        0  stm32f1xx_ll_usb.o(i.USB_ReadInterrupts)
    i.USB_ReadPMA                            0x080050e4   Section        0  stm32f1xx_ll_usb.o(i.USB_ReadPMA)
    i.USB_SetCurrentMode                     0x08005110   Section        0  stm32f1xx_ll_usb.o(i.USB_SetCurrentMode)
    i.USB_SetDevAddress                      0x08005114   Section        0  stm32f1xx_ll_usb.o(i.USB_SetDevAddress)
    i.USB_WritePMA                           0x08005120   Section        0  stm32f1xx_ll_usb.o(i.USB_WritePMA)
    i.UsageFault_Handler                     0x08005146   Section        0  stm32f1xx_it.o(i.UsageFault_Handler)
    i.__NVIC_SetPriority                     0x08005148   Section        0  stm32f1xx_hal_cortex.o(i.__NVIC_SetPriority)
    __NVIC_SetPriority                       0x08005149   Thumb Code    32  stm32f1xx_hal_cortex.o(i.__NVIC_SetPriority)
    i.__scatterload_copy                     0x08005168   Section       14  handlers.o(i.__scatterload_copy)
    i.__scatterload_null                     0x08005176   Section        2  handlers.o(i.__scatterload_null)
    i.__scatterload_zeroinit                 0x08005178   Section       14  handlers.o(i.__scatterload_zeroinit)
    i.main                                   0x08005186   Section        0  main.o(i.main)
    .constdata                               0x080051c8   Section       18  stm32f1xx_hal_rcc.o(.constdata)
    aPredivFactorTable                       0x080051c8   Data           2  stm32f1xx_hal_rcc.o(.constdata)
    aPLLMULFactorTable                       0x080051ca   Data          16  stm32f1xx_hal_rcc.o(.constdata)
    .constdata                               0x080051da   Section       18  stm32f1xx_hal_rcc_ex.o(.constdata)
    aPredivFactorTable                       0x080051da   Data           2  stm32f1xx_hal_rcc_ex.o(.constdata)
    aPLLMULFactorTable                       0x080051dc   Data          16  stm32f1xx_hal_rcc_ex.o(.constdata)
    .constdata                               0x080051ec   Section       16  system_stm32f1xx.o(.constdata)
    .constdata                               0x080051fc   Section        8  system_stm32f1xx.o(.constdata)
    .constdata                               0x08005204   Section     1520  oled.o(.constdata)
    .data                                    0x20000000   Section       12  stm32f1xx_hal.o(.data)
    .data                                    0x2000000c   Section        4  system_stm32f1xx.o(.data)
    .data                                    0x20000010   Section        1  usbd_ctlreq.o(.data)
    cfgidx                                   0x20000010   Data           1  usbd_ctlreq.o(.data)
    .data                                    0x20000014   Section       56  usbd_hid.o(.data)
    .data                                    0x2000004c   Section      195  usbd_hid.o(.data)
    USBD_HID_CfgFSDesc                       0x2000004c   Data          34  usbd_hid.o(.data)
    USBD_HID_CfgHSDesc                       0x20000070   Data          34  usbd_hid.o(.data)
    USBD_HID_OtherSpeedCfgDesc               0x20000094   Data          34  usbd_hid.o(.data)
    USBD_HID_Desc                            0x200000b8   Data           9  usbd_hid.o(.data)
    USBD_HID_DeviceQualifierDesc             0x200000c4   Data          10  usbd_hid.o(.data)
    HID_KEYBOARD_ReportDesc                  0x200000d0   Data          63  usbd_hid.o(.data)
    .data                                    0x20000110   Section       28  usbd_desc.o(.data)
    .data                                    0x2000012c   Section       50  usbd_desc.o(.data)
    .data                                    0x2000015e   Section       66  keyboardcontrol.o(.data)
    .data                                    0x200001a0   Section       48  rgb.o(.data)
    .data                                    0x200001d0   Section        9  ctrl.o(.data)
    .data                                    0x200001dc   Section        4  rand.o(.data)
    _rand_state                              0x200001dc   Data           4  rand.o(.data)
    .bss                                     0x200001e0   Section      708  usb_device.o(.bss)
    .bss                                     0x200004a4   Section      512  usbd_desc.o(.bss)
    .bss                                     0x200006a4   Section      748  usbd_conf.o(.bss)
    mem                                      0x200006a4   Data          20  usbd_conf.o(.bss)
    .bss                                     0x20000990   Section       20  rtc.o(.bss)
    .bss                                     0x200009a4   Section      212  tim.o(.bss)
    .bss                                     0x20000a78   Section       72  usart.o(.bss)
    .bss                                     0x20000ac0   Section       12  keyboardcontrol.o(.bss)
    .bss                                     0x20000acc   Section     1344  rgb.o(.bss)
    STACK                                    0x20001010   Section     1024  startup_stm32f103xb.o(STACK)

    Global Symbols

    Symbol Name                              Value     Ov Type        Size  Object(Section)

    BuildAttributes$$THM_ISAv4$P$D$K$B$S$PE$A:L22UL41UL21$X:L11$S22US41US21$IEEE1$IW$USESV6$~STKCKD$USESV7$~SHL$OTIME$ROPI$IEEEJ$EBA8$MICROLIB$REQ8$PRES8$EABIv2 0x00000000   Number         0  anon$$obj.o ABSOLUTE
    __ARM_use_no_argv                        0x00000000   Number         0  main.o ABSOLUTE
    __arm_fini_                               - Undefined Weak Reference
    __cpp_initialize__aeabi_                  - Undefined Weak Reference
    __cxa_finalize                            - Undefined Weak Reference
    _clock_init                               - Undefined Weak Reference
    _microlib_exit                            - Undefined Weak Reference
    __Vectors_Size                           0x000000ec   Number         0  startup_stm32f103xb.o ABSOLUTE
    __Vectors                                0x08000000   Data           4  startup_stm32f103xb.o(RESET)
    __Vectors_End                            0x080000ec   Data           0  startup_stm32f103xb.o(RESET)
    __main                                   0x080000ed   Thumb Code     0  entry.o(.ARM.Collect$$$$00000000)
    _main_stk                                0x080000ed   Thumb Code     0  entry2.o(.ARM.Collect$$$$00000001)
    _main_scatterload                        0x080000f1   Thumb Code     0  entry5.o(.ARM.Collect$$$$00000004)
    __main_after_scatterload                 0x080000f5   Thumb Code     0  entry5.o(.ARM.Collect$$$$00000004)
    _main_clock                              0x080000f5   Thumb Code     0  entry7b.o(.ARM.Collect$$$$00000008)
    _main_cpp_init                           0x080000f5   Thumb Code     0  entry8b.o(.ARM.Collect$$$$0000000A)
    _main_init                               0x080000f5   Thumb Code     0  entry9a.o(.ARM.Collect$$$$0000000B)
    __rt_lib_shutdown_fini                   0x080000fd   Thumb Code     0  entry12b.o(.ARM.Collect$$$$0000000E)
    __rt_final_cpp                           0x08000101   Thumb Code     0  entry10a.o(.ARM.Collect$$$$0000000F)
    __rt_final_exit                          0x08000101   Thumb Code     0  entry11a.o(.ARM.Collect$$$$00000011)
    Reset_Handler                            0x08000105   Thumb Code     8  startup_stm32f103xb.o(.text)
    ADC1_2_IRQHandler                        0x0800011f   Thumb Code     0  startup_stm32f103xb.o(.text)
    CAN1_RX1_IRQHandler                      0x0800011f   Thumb Code     0  startup_stm32f103xb.o(.text)
    CAN1_SCE_IRQHandler                      0x0800011f   Thumb Code     0  startup_stm32f103xb.o(.text)
    DMA1_Channel1_IRQHandler                 0x0800011f   Thumb Code     0  startup_stm32f103xb.o(.text)
    DMA1_Channel3_IRQHandler                 0x0800011f   Thumb Code     0  startup_stm32f103xb.o(.text)
    DMA1_Channel4_IRQHandler                 0x0800011f   Thumb Code     0  startup_stm32f103xb.o(.text)
    DMA1_Channel5_IRQHandler                 0x0800011f   Thumb Code     0  startup_stm32f103xb.o(.text)
    DMA1_Channel6_IRQHandler                 0x0800011f   Thumb Code     0  startup_stm32f103xb.o(.text)
    DMA1_Channel7_IRQHandler                 0x0800011f   Thumb Code     0  startup_stm32f103xb.o(.text)
    EXTI0_IRQHandler                         0x0800011f   Thumb Code     0  startup_stm32f103xb.o(.text)
    EXTI15_10_IRQHandler                     0x0800011f   Thumb Code     0  startup_stm32f103xb.o(.text)
    EXTI1_IRQHandler                         0x0800011f   Thumb Code     0  startup_stm32f103xb.o(.text)
    EXTI2_IRQHandler                         0x0800011f   Thumb Code     0  startup_stm32f103xb.o(.text)
    EXTI3_IRQHandler                         0x0800011f   Thumb Code     0  startup_stm32f103xb.o(.text)
    EXTI4_IRQHandler                         0x0800011f   Thumb Code     0  startup_stm32f103xb.o(.text)
    EXTI9_5_IRQHandler                       0x0800011f   Thumb Code     0  startup_stm32f103xb.o(.text)
    FLASH_IRQHandler                         0x0800011f   Thumb Code     0  startup_stm32f103xb.o(.text)
    I2C1_ER_IRQHandler                       0x0800011f   Thumb Code     0  startup_stm32f103xb.o(.text)
    I2C1_EV_IRQHandler                       0x0800011f   Thumb Code     0  startup_stm32f103xb.o(.text)
    I2C2_ER_IRQHandler                       0x0800011f   Thumb Code     0  startup_stm32f103xb.o(.text)
    I2C2_EV_IRQHandler                       0x0800011f   Thumb Code     0  startup_stm32f103xb.o(.text)
    PVD_IRQHandler                           0x0800011f   Thumb Code     0  startup_stm32f103xb.o(.text)
    RCC_IRQHandler                           0x0800011f   Thumb Code     0  startup_stm32f103xb.o(.text)
    RTC_Alarm_IRQHandler                     0x0800011f   Thumb Code     0  startup_stm32f103xb.o(.text)
    RTC_IRQHandler                           0x0800011f   Thumb Code     0  startup_stm32f103xb.o(.text)
    SPI1_IRQHandler                          0x0800011f   Thumb Code     0  startup_stm32f103xb.o(.text)
    SPI2_IRQHandler                          0x0800011f   Thumb Code     0  startup_stm32f103xb.o(.text)
    TAMPER_IRQHandler                        0x0800011f   Thumb Code     0  startup_stm32f103xb.o(.text)
    TIM1_BRK_IRQHandler                      0x0800011f   Thumb Code     0  startup_stm32f103xb.o(.text)
    TIM1_CC_IRQHandler                       0x0800011f   Thumb Code     0  startup_stm32f103xb.o(.text)
    TIM1_TRG_COM_IRQHandler                  0x0800011f   Thumb Code     0  startup_stm32f103xb.o(.text)
    TIM1_UP_IRQHandler                       0x0800011f   Thumb Code     0  startup_stm32f103xb.o(.text)
    TIM2_IRQHandler                          0x0800011f   Thumb Code     0  startup_stm32f103xb.o(.text)
    TIM3_IRQHandler                          0x0800011f   Thumb Code     0  startup_stm32f103xb.o(.text)
    TIM4_IRQHandler                          0x0800011f   Thumb Code     0  startup_stm32f103xb.o(.text)
    USART2_IRQHandler                        0x0800011f   Thumb Code     0  startup_stm32f103xb.o(.text)
    USART3_IRQHandler                        0x0800011f   Thumb Code     0  startup_stm32f103xb.o(.text)
    USBWakeUp_IRQHandler                     0x0800011f   Thumb Code     0  startup_stm32f103xb.o(.text)
    USB_HP_CAN1_TX_IRQHandler                0x0800011f   Thumb Code     0  startup_stm32f103xb.o(.text)
    WWDG_IRQHandler                          0x0800011f   Thumb Code     0  startup_stm32f103xb.o(.text)
    rand                                     0x08000129   Thumb Code    20  rand.o(.text)
    srand                                    0x0800013d   Thumb Code     6  rand.o(.text)
    __aeabi_memset                           0x0800014d   Thumb Code    14  memseta.o(.text)
    __aeabi_memset4                          0x0800014d   Thumb Code     0  memseta.o(.text)
    __aeabi_memset8                          0x0800014d   Thumb Code     0  memseta.o(.text)
    __aeabi_memclr                           0x0800015b   Thumb Code     4  memseta.o(.text)
    __aeabi_memclr4                          0x0800015b   Thumb Code     0  memseta.o(.text)
    __aeabi_memclr8                          0x0800015b   Thumb Code     0  memseta.o(.text)
    _memset$wrapper                          0x0800015f   Thumb Code    18  memseta.o(.text)
    __scatterload                            0x08000171   Thumb Code    28  init.o(.text)
    __scatterload_rt2                        0x08000171   Thumb Code     0  init.o(.text)
    __decompress                             0x08000195   Thumb Code     0  __dczerorl2.o(.text)
    __decompress1                            0x08000195   Thumb Code    86  __dczerorl2.o(.text)
    BusFault_Handler                         0x080001eb   Thumb Code     2  stm32f1xx_it.o(i.BusFault_Handler)
    CTRL_Init                                0x080001ed   Thumb Code    72  ctrl.o(i.CTRL_Init)
    CTRL_KeyStatusRefresh                    0x08000285   Thumb Code   200  ctrl.o(i.CTRL_KeyStatusRefresh)
    DMA1_Channel2_IRQHandler                 0x08000355   Thumb Code     6  stm32f1xx_it.o(i.DMA1_Channel2_IRQHandler)
    DebugMon_Handler                         0x0800038b   Thumb Code     2  stm32f1xx_it.o(i.DebugMon_Handler)
    Error_Handler                            0x0800038d   Thumb Code     4  main.o(i.Error_Handler)
    HAL_DMA_Abort                            0x08000391   Thumb Code    70  stm32f1xx_hal_dma.o(i.HAL_DMA_Abort)
    HAL_DMA_Abort_IT                         0x080003d9   Thumb Code   148  stm32f1xx_hal_dma.o(i.HAL_DMA_Abort_IT)
    HAL_DMA_IRQHandler                       0x08000471   Thumb Code   316  stm32f1xx_hal_dma.o(i.HAL_DMA_IRQHandler)
    HAL_DMA_Init                             0x080005c5   Thumb Code    84  stm32f1xx_hal_dma.o(i.HAL_DMA_Init)
    HAL_DMA_Start_IT                         0x08000621   Thumb Code   112  stm32f1xx_hal_dma.o(i.HAL_DMA_Start_IT)
    HAL_Delay                                0x08000691   Thumb Code    32  stm32f1xx_hal.o(i.HAL_Delay)
    HAL_GPIO_Init                            0x080006b5   Thumb Code   446  stm32f1xx_hal_gpio.o(i.HAL_GPIO_Init)
    HAL_GPIO_ReadPin                         0x08000895   Thumb Code    10  stm32f1xx_hal_gpio.o(i.HAL_GPIO_ReadPin)
    HAL_GPIO_WritePin                        0x0800089f   Thumb Code    10  stm32f1xx_hal_gpio.o(i.HAL_GPIO_WritePin)
    HAL_GetTick                              0x080008a9   Thumb Code     6  stm32f1xx_hal.o(i.HAL_GetTick)
    HAL_IncTick                              0x080008b5   Thumb Code    12  stm32f1xx_hal.o(i.HAL_IncTick)
    HAL_Init                                 0x080008c5   Thumb Code    32  stm32f1xx_hal.o(i.HAL_Init)
    HAL_InitTick                             0x080008e9   Thumb Code    54  stm32f1xx_hal.o(i.HAL_InitTick)
    HAL_MspInit                              0x08000929   Thumb Code    52  stm32f1xx_hal_msp.o(i.HAL_MspInit)
    HAL_NVIC_EnableIRQ                       0x08000965   Thumb Code    26  stm32f1xx_hal_cortex.o(i.HAL_NVIC_EnableIRQ)
    HAL_NVIC_SetPriority                     0x08000981   Thumb Code    60  stm32f1xx_hal_cortex.o(i.HAL_NVIC_SetPriority)
    HAL_NVIC_SetPriorityGrouping             0x080009c1   Thumb Code    26  stm32f1xx_hal_cortex.o(i.HAL_NVIC_SetPriorityGrouping)
    HAL_PCDEx_PMAConfig                      0x080009e5   Thumb Code    60  stm32f1xx_hal_pcd_ex.o(i.HAL_PCDEx_PMAConfig)
    HAL_PCDEx_SetConnectionState             0x08000a21   Thumb Code     2  usbd_conf.o(i.HAL_PCDEx_SetConnectionState)
    HAL_PCD_DataInStageCallback              0x08000a23   Thumb Code    18  usbd_conf.o(i.HAL_PCD_DataInStageCallback)
    HAL_PCD_DataOutStageCallback             0x08000a35   Thumb Code    20  usbd_conf.o(i.HAL_PCD_DataOutStageCallback)
    HAL_PCD_EP_Close                         0x08000a49   Thumb Code    74  stm32f1xx_hal_pcd.o(i.HAL_PCD_EP_Close)
    HAL_PCD_EP_ClrStall                      0x08000a93   Thumb Code    90  stm32f1xx_hal_pcd.o(i.HAL_PCD_EP_ClrStall)
    HAL_PCD_EP_Open                          0x08000f0b   Thumb Code    88  stm32f1xx_hal_pcd.o(i.HAL_PCD_EP_Open)
    HAL_PCD_EP_Receive                       0x08000f63   Thumb Code    46  stm32f1xx_hal_pcd.o(i.HAL_PCD_EP_Receive)
    HAL_PCD_EP_SetStall                      0x08000f91   Thumb Code   112  stm32f1xx_hal_pcd.o(i.HAL_PCD_EP_SetStall)
    HAL_PCD_EP_Transmit                      0x08001001   Thumb Code    46  stm32f1xx_hal_pcd.o(i.HAL_PCD_EP_Transmit)
    HAL_PCD_IRQHandler                       0x08001031   Thumb Code   308  stm32f1xx_hal_pcd.o(i.HAL_PCD_IRQHandler)
    HAL_PCD_Init                             0x08001165   Thumb Code   186  stm32f1xx_hal_pcd.o(i.HAL_PCD_Init)
    HAL_PCD_MspInit                          0x08001221   Thumb Code    50  usbd_conf.o(i.HAL_PCD_MspInit)
    HAL_PCD_ResetCallback                    0x0800125d   Thumb Code    38  usbd_conf.o(i.HAL_PCD_ResetCallback)
    HAL_PCD_ResumeCallback                   0x08001283   Thumb Code     8  usbd_conf.o(i.HAL_PCD_ResumeCallback)
    HAL_PCD_SOFCallback                      0x0800128b   Thumb Code     8  usbd_conf.o(i.HAL_PCD_SOFCallback)
    HAL_PCD_SetAddress                       0x08001293   Thumb Code    38  stm32f1xx_hal_pcd.o(i.HAL_PCD_SetAddress)
    HAL_PCD_SetupStageCallback               0x080012b9   Thumb Code    14  usbd_conf.o(i.HAL_PCD_SetupStageCallback)
    HAL_PCD_Start                            0x080012c7   Thumb Code    50  stm32f1xx_hal_pcd.o(i.HAL_PCD_Start)
    HAL_PCD_SuspendCallback                  0x080012f9   Thumb Code    30  usbd_conf.o(i.HAL_PCD_SuspendCallback)
    HAL_PWR_EnableBkUpAccess                 0x0800131d   Thumb Code     8  stm32f1xx_hal_pwr.o(i.HAL_PWR_EnableBkUpAccess)
    HAL_RCCEx_GetPeriphCLKFreq               0x08001329   Thumb Code   148  stm32f1xx_hal_rcc_ex.o(i.HAL_RCCEx_GetPeriphCLKFreq)
    HAL_RCCEx_PeriphCLKConfig                0x080013cd   Thumb Code   224  stm32f1xx_hal_rcc_ex.o(i.HAL_RCCEx_PeriphCLKConfig)
    HAL_RCC_ClockConfig                      0x080014b9   Thumb Code   280  stm32f1xx_hal_rcc.o(i.HAL_RCC_ClockConfig)
    HAL_RCC_GetPCLK1Freq                     0x080015e5   Thumb Code    20  stm32f1xx_hal_rcc.o(i.HAL_RCC_GetPCLK1Freq)
    HAL_RCC_GetPCLK2Freq                     0x08001605   Thumb Code    20  stm32f1xx_hal_rcc.o(i.HAL_RCC_GetPCLK2Freq)
    HAL_RCC_GetSysClockFreq                  0x08001625   Thumb Code    58  stm32f1xx_hal_rcc.o(i.HAL_RCC_GetSysClockFreq)
    HAL_RCC_OscConfig                        0x08001671   Thumb Code   778  stm32f1xx_hal_rcc.o(i.HAL_RCC_OscConfig)
    HAL_RTC_GetDate                          0x08001991   Thumb Code    78  stm32f1xx_hal_rtc.o(i.HAL_RTC_GetDate)
    HAL_RTC_GetTime                          0x080019df   Thumb Code   216  stm32f1xx_hal_rtc.o(i.HAL_RTC_GetTime)
    HAL_RTC_Init                             0x08001ab9   Thumb Code   144  stm32f1xx_hal_rtc.o(i.HAL_RTC_Init)
    HAL_RTC_MspInit                          0x08001b4d   Thumb Code    40  rtc.o(i.HAL_RTC_MspInit)
    HAL_RTC_SetDate                          0x08001b81   Thumb Code   192  stm32f1xx_hal_rtc.o(i.HAL_RTC_SetDate)
    HAL_RTC_SetTime                          0x08001c45   Thumb Code   168  stm32f1xx_hal_rtc.o(i.HAL_RTC_SetTime)
    HAL_RTC_WaitForSynchro                   0x08001cf1   Thumb Code    58  stm32f1xx_hal_rtc.o(i.HAL_RTC_WaitForSynchro)
    HAL_SYSTICK_Config                       0x08001d2b   Thumb Code    40  stm32f1xx_hal_cortex.o(i.HAL_SYSTICK_Config)
    HAL_TIMEx_ConfigBreakDeadTime            0x08001d53   Thumb Code    84  stm32f1xx_hal_tim_ex.o(i.HAL_TIMEx_ConfigBreakDeadTime)
    HAL_TIMEx_MasterConfigSynchronization    0x08001da9   Thumb Code    92  stm32f1xx_hal_tim_ex.o(i.HAL_TIMEx_MasterConfigSynchronization)
    HAL_TIM_Base_Init                        0x08001e11   Thumb Code    90  stm32f1xx_hal_tim.o(i.HAL_TIM_Base_Init)
    HAL_TIM_Base_MspInit                     0x08001e6d   Thumb Code   102  tim.o(i.HAL_TIM_Base_MspInit)
    HAL_TIM_Base_Start                       0x08001ee9   Thumb Code    66  stm32f1xx_hal_tim.o(i.HAL_TIM_Base_Start)
    HAL_TIM_ConfigClockSource                0x08001f39   Thumb Code   220  stm32f1xx_hal_tim.o(i.HAL_TIM_ConfigClockSource)
    HAL_TIM_ErrorCallback                    0x08002015   Thumb Code     2  stm32f1xx_hal_tim.o(i.HAL_TIM_ErrorCallback)
    HAL_TIM_MspPostInit                      0x08002019   Thumb Code    64  tim.o(i.HAL_TIM_MspPostInit)
    HAL_TIM_PWM_ConfigChannel                0x08002065   Thumb Code   204  stm32f1xx_hal_tim.o(i.HAL_TIM_PWM_ConfigChannel)
    HAL_TIM_PWM_Init                         0x08002131   Thumb Code    90  stm32f1xx_hal_tim.o(i.HAL_TIM_PWM_Init)
    HAL_TIM_PWM_MspInit                      0x0800218b   Thumb Code     2  stm32f1xx_hal_tim.o(i.HAL_TIM_PWM_MspInit)
    HAL_TIM_PWM_PulseFinishedCallback        0x0800218d   Thumb Code     2  stm32f1xx_hal_tim.o(i.HAL_TIM_PWM_PulseFinishedCallback)
    HAL_TIM_PWM_PulseFinishedHalfCpltCallback 0x0800218f   Thumb Code     2  stm32f1xx_hal_tim.o(i.HAL_TIM_PWM_PulseFinishedHalfCpltCallback)
    HAL_TIM_PWM_Start_DMA                    0x08002191   Thumb Code   378  stm32f1xx_hal_tim.o(i.HAL_TIM_PWM_Start_DMA)
    HAL_UARTEx_RxEventCallback               0x08002325   Thumb Code     2  stm32f1xx_hal_uart.o(i.HAL_UARTEx_RxEventCallback)
    HAL_UART_ErrorCallback                   0x08002327   Thumb Code     2  stm32f1xx_hal_uart.o(i.HAL_UART_ErrorCallback)
    HAL_UART_IRQHandler                      0x08002329   Thumb Code   616  stm32f1xx_hal_uart.o(i.HAL_UART_IRQHandler)
    HAL_UART_Init                            0x08002595   Thumb Code   100  stm32f1xx_hal_uart.o(i.HAL_UART_Init)
    HAL_UART_MspInit                         0x080025f9   Thumb Code   116  usart.o(i.HAL_UART_MspInit)
    HAL_UART_RxCpltCallback                  0x08002679   Thumb Code     2  stm32f1xx_hal_uart.o(i.HAL_UART_RxCpltCallback)
    HAL_UART_TxCpltCallback                  0x0800267b   Thumb Code     2  stm32f1xx_hal_uart.o(i.HAL_UART_TxCpltCallback)
    HardFault_Handler                        0x0800267d   Thumb Code     2  stm32f1xx_it.o(i.HardFault_Handler)
    KeyboardCTRL                             0x080026b9   Thumb Code   230  keyboardcontrol.o(i.KeyboardCTRL)
    MX_DMA_Init                              0x080027b9   Thumb Code    40  dma.o(i.MX_DMA_Init)
    MX_GPIO_Init                             0x080027e5   Thumb Code   190  gpio.o(i.MX_GPIO_Init)
    MX_RTC_Init                              0x080028b5   Thumb Code    96  rtc.o(i.MX_RTC_Init)
    MX_TIM1_Init                             0x0800291d   Thumb Code   188  tim.o(i.MX_TIM1_Init)
    MX_TIM3_Init                             0x080029e1   Thumb Code    96  tim.o(i.MX_TIM3_Init)
    MX_USART1_UART_Init                      0x08002a49   Thumb Code    48  usart.o(i.MX_USART1_UART_Init)
    MX_USB_DEVICE_Init                       0x08002a81   Thumb Code    52  usb_device.o(i.MX_USB_DEVICE_Init)
    MemManage_Handler                        0x08002ac1   Thumb Code     2  stm32f1xx_it.o(i.MemManage_Handler)
    NMI_Handler                              0x08002ac3   Thumb Code     2  stm32f1xx_it.o(i.NMI_Handler)
    OLED_Clear                               0x08002ac5   Thumb Code    38  oled.o(i.OLED_Clear)
    OLED_I2C_Init                            0x08002aed   Thumb Code    28  oled.o(i.OLED_I2C_Init)
    OLED_I2C_SendByte                        0x08002b0d   Thumb Code    78  oled.o(i.OLED_I2C_SendByte)
    OLED_I2C_Start                           0x08002b61   Thumb Code    48  oled.o(i.OLED_I2C_Start)
    OLED_I2C_Stop                            0x08002b95   Thumb Code    38  oled.o(i.OLED_I2C_Stop)
    OLED_Init                                0x08002bc1   Thumb Code   172  oled.o(i.OLED_Init)
    OLED_Pow                                 0x08002c6d   Thumb Code    14  oled.o(i.OLED_Pow)
    OLED_SetCursor                           0x08002c7b   Thumb Code    34  oled.o(i.OLED_SetCursor)
    OLED_ShowChar                            0x08002c9d   Thumb Code    98  oled.o(i.OLED_ShowChar)
    OLED_ShowNum                             0x08002d05   Thumb Code    66  oled.o(i.OLED_ShowNum)
    OLED_ShowString                          0x08002d47   Thumb Code    38  oled.o(i.OLED_ShowString)
    OLED_WriteCommand                        0x08002d6d   Thumb Code    34  oled.o(i.OLED_WriteCommand)
    OLED_WriteData                           0x08002d8f   Thumb Code    34  oled.o(i.OLED_WriteData)
    PendSV_Handler                           0x08003157   Thumb Code     2  stm32f1xx_it.o(i.PendSV_Handler)
    RGB_ColorCtrl                            0x08003159   Thumb Code   414  rgb.o(i.RGB_ColorCtrl)
    RGB_Init                                 0x0800330d   Thumb Code   110  rgb.o(i.RGB_Init)
    RGB_SendArray                            0x08003389   Thumb Code    28  rgb.o(i.RGB_SendArray)
    RGB_SetColor                             0x080033ad   Thumb Code   128  rgb.o(i.RGB_SetColor)
    RGB_Show                                 0x08003431   Thumb Code    38  rgb.o(i.RGB_Show)
    Reset_Load                               0x0800366d   Thumb Code    26  rgb.o(i.Reset_Load)
    SVC_Handler                              0x0800368d   Thumb Code     2  stm32f1xx_it.o(i.SVC_Handler)
    SysTick_Handler                          0x0800368f   Thumb Code     4  stm32f1xx_it.o(i.SysTick_Handler)
    SystemClock_Config                       0x08003693   Thumb Code   132  main.o(i.SystemClock_Config)
    SystemInit                               0x08003717   Thumb Code     2  system_stm32f1xx.o(i.SystemInit)
    TIM_Base_SetConfig                       0x08003719   Thumb Code   108  stm32f1xx_hal_tim.o(i.TIM_Base_SetConfig)
    TIM_CCxChannelCmd                        0x08003791   Thumb Code    26  stm32f1xx_hal_tim.o(i.TIM_CCxChannelCmd)
    TIM_DMADelayPulseHalfCplt                0x08003809   Thumb Code    56  stm32f1xx_hal_tim.o(i.TIM_DMADelayPulseHalfCplt)
    TIM_DMAError                             0x08003841   Thumb Code    84  stm32f1xx_hal_tim.o(i.TIM_DMAError)
    TIM_ETR_SetConfig                        0x08003895   Thumb Code    20  stm32f1xx_hal_tim.o(i.TIM_ETR_SetConfig)
    TIM_OC2_SetConfig                        0x08003909   Thumb Code    84  stm32f1xx_hal_tim.o(i.TIM_OC2_SetConfig)
    USART1_IRQHandler                        0x08003c1d   Thumb Code     6  stm32f1xx_it.o(i.USART1_IRQHandler)
    USBD_ClrClassConfig                      0x08003c29   Thumb Code    14  usbd_core.o(i.USBD_ClrClassConfig)
    USBD_CtlContinueRx                       0x08003c37   Thumb Code    16  usbd_ioreq.o(i.USBD_CtlContinueRx)
    USBD_CtlContinueSendData                 0x08003c47   Thumb Code    16  usbd_ioreq.o(i.USBD_CtlContinueSendData)
    USBD_CtlError                            0x08003c57   Thumb Code    22  usbd_ctlreq.o(i.USBD_CtlError)
    USBD_CtlReceiveStatus                    0x08003c6d   Thumb Code    22  usbd_ioreq.o(i.USBD_CtlReceiveStatus)
    USBD_CtlSendData                         0x08003c83   Thumb Code    26  usbd_ioreq.o(i.USBD_CtlSendData)
    USBD_CtlSendStatus                       0x08003c9d   Thumb Code    22  usbd_ioreq.o(i.USBD_CtlSendStatus)
    USBD_FS_ConfigStrDescriptor              0x08003cb5   Thumb Code    16  usbd_desc.o(i.USBD_FS_ConfigStrDescriptor)
    USBD_FS_DeviceDescriptor                 0x08003cd5   Thumb Code     8  usbd_desc.o(i.USBD_FS_DeviceDescriptor)
    USBD_FS_InterfaceStrDescriptor           0x08003ce1   Thumb Code    16  usbd_desc.o(i.USBD_FS_InterfaceStrDescriptor)
    USBD_FS_LangIDStrDescriptor              0x08003d05   Thumb Code     8  usbd_desc.o(i.USBD_FS_LangIDStrDescriptor)
    USBD_FS_ManufacturerStrDescriptor        0x08003d11   Thumb Code    16  usbd_desc.o(i.USBD_FS_ManufacturerStrDescriptor)
    USBD_FS_ProductStrDescriptor             0x08003d31   Thumb Code    16  usbd_desc.o(i.USBD_FS_ProductStrDescriptor)
    USBD_FS_SerialStrDescriptor              0x08003d51   Thumb Code    48  usbd_desc.o(i.USBD_FS_SerialStrDescriptor)
    USBD_GetString                           0x08003e71   Thumb Code    72  usbd_ctlreq.o(i.USBD_GetString)
    USBD_HID_SendReport                      0x08003f57   Thumb Code    36  usbd_hid.o(i.USBD_HID_SendReport)
    USBD_Init                                0x08004045   Thumb Code    42  usbd_core.o(i.USBD_Init)
    USBD_LL_ClearStallEP                     0x0800406f   Thumb Code    18  usbd_conf.o(i.USBD_LL_ClearStallEP)
    USBD_LL_CloseEP                          0x08004081   Thumb Code    18  usbd_conf.o(i.USBD_LL_CloseEP)
    USBD_LL_DataInStage                      0x08004093   Thumb Code   198  usbd_core.o(i.USBD_LL_DataInStage)
    USBD_LL_DataOutStage                     0x08004159   Thumb Code   130  usbd_core.o(i.USBD_LL_DataOutStage)
    USBD_LL_Init                             0x080041dd   Thumb Code    94  usbd_conf.o(i.USBD_LL_Init)
    USBD_LL_IsStallEP                        0x08004245   Thumb Code    30  usbd_conf.o(i.USBD_LL_IsStallEP)
    USBD_LL_OpenEP                           0x08004263   Thumb Code    24  usbd_conf.o(i.USBD_LL_OpenEP)
    USBD_LL_PrepareReceive                   0x0800427b   Thumb Code    18  usbd_conf.o(i.USBD_LL_PrepareReceive)
    USBD_LL_Reset                            0x0800428d   Thumb Code    80  usbd_core.o(i.USBD_LL_Reset)
    USBD_LL_Resume                           0x080042dd   Thumb Code    20  usbd_core.o(i.USBD_LL_Resume)
    USBD_LL_SOF                              0x080042f1   Thumb Code    24  usbd_core.o(i.USBD_LL_SOF)
    USBD_LL_SetSpeed                         0x08004309   Thumb Code     6  usbd_core.o(i.USBD_LL_SetSpeed)
    USBD_LL_SetUSBAddress                    0x0800430f   Thumb Code    18  usbd_conf.o(i.USBD_LL_SetUSBAddress)
    USBD_LL_SetupStage                       0x08004321   Thumb Code    90  usbd_core.o(i.USBD_LL_SetupStage)
    USBD_LL_StallEP                          0x0800437b   Thumb Code    18  usbd_conf.o(i.USBD_LL_StallEP)
    USBD_LL_Start                            0x0800438d   Thumb Code    18  usbd_conf.o(i.USBD_LL_Start)
    USBD_LL_Suspend                          0x0800439f   Thumb Code    18  usbd_core.o(i.USBD_LL_Suspend)
    USBD_LL_Transmit                         0x080043b1   Thumb Code    18  usbd_conf.o(i.USBD_LL_Transmit)
    USBD_ParseSetupRequest                   0x080043c3   Thumb Code    40  usbd_ctlreq.o(i.USBD_ParseSetupRequest)
    USBD_RegisterClass                       0x080043eb   Thumb Code    16  usbd_core.o(i.USBD_RegisterClass)
    USBD_SetClassConfig                      0x080043fb   Thumb Code    22  usbd_core.o(i.USBD_SetClassConfig)
    USBD_Start                               0x08004495   Thumb Code    10  usbd_core.o(i.USBD_Start)
    USBD_StdDevReq                           0x0800449f   Thumb Code   274  usbd_ctlreq.o(i.USBD_StdDevReq)
    USBD_StdEPReq                            0x080045b1   Thumb Code   336  usbd_ctlreq.o(i.USBD_StdEPReq)
    USBD_StdItfReq                           0x08004701   Thumb Code    78  usbd_ctlreq.o(i.USBD_StdItfReq)
    USBD_static_free                         0x0800474f   Thumb Code     2  usbd_conf.o(i.USBD_static_free)
    USBD_static_malloc                       0x08004751   Thumb Code     4  usbd_conf.o(i.USBD_static_malloc)
    USB_ActivateEndpoint                     0x08004759   Thumb Code   668  stm32f1xx_ll_usb.o(i.USB_ActivateEndpoint)
    USB_CoreInit                             0x080049f5   Thumb Code     4  stm32f1xx_ll_usb.o(i.USB_CoreInit)
    USB_DeactivateEndpoint                   0x080049f9   Thumb Code   270  stm32f1xx_ll_usb.o(i.USB_DeactivateEndpoint)
    USB_DevConnect                           0x08004b07   Thumb Code     4  stm32f1xx_ll_usb.o(i.USB_DevConnect)
    USB_DevDisconnect                        0x08004b0b   Thumb Code     4  stm32f1xx_ll_usb.o(i.USB_DevDisconnect)
    USB_DevInit                              0x08004b0f   Thumb Code    18  stm32f1xx_ll_usb.o(i.USB_DevInit)
    USB_DisableGlobalInt                     0x08004b21   Thumb Code    14  stm32f1xx_ll_usb.o(i.USB_DisableGlobalInt)
    USB_EP0_OutStart                         0x08004b2f   Thumb Code     4  stm32f1xx_ll_usb.o(i.USB_EP0_OutStart)
    USB_EPClearStall                         0x08004b33   Thumb Code   120  stm32f1xx_ll_usb.o(i.USB_EPClearStall)
    USB_EPSetStall                           0x08004bab   Thumb Code    50  stm32f1xx_ll_usb.o(i.USB_EPSetStall)
    USB_EPStartXfer                          0x08004bdd   Thumb Code  1250  stm32f1xx_ll_usb.o(i.USB_EPStartXfer)
    USB_EnableGlobalInt                      0x080050bf   Thumb Code    18  stm32f1xx_ll_usb.o(i.USB_EnableGlobalInt)
    USB_LP_CAN1_RX0_IRQHandler               0x080050d1   Thumb Code     6  stm32f1xx_it.o(i.USB_LP_CAN1_RX0_IRQHandler)
    USB_ReadInterrupts                       0x080050dd   Thumb Code     6  stm32f1xx_ll_usb.o(i.USB_ReadInterrupts)
    USB_ReadPMA                              0x080050e5   Thumb Code    44  stm32f1xx_ll_usb.o(i.USB_ReadPMA)
    USB_SetCurrentMode                       0x08005111   Thumb Code     4  stm32f1xx_ll_usb.o(i.USB_SetCurrentMode)
    USB_SetDevAddress                        0x08005115   Thumb Code    12  stm32f1xx_ll_usb.o(i.USB_SetDevAddress)
    USB_WritePMA                             0x08005121   Thumb Code    38  stm32f1xx_ll_usb.o(i.USB_WritePMA)
    UsageFault_Handler                       0x08005147   Thumb Code     2  stm32f1xx_it.o(i.UsageFault_Handler)
    __scatterload_copy                       0x08005169   Thumb Code    14  handlers.o(i.__scatterload_copy)
    __scatterload_null                       0x08005177   Thumb Code     2  handlers.o(i.__scatterload_null)
    __scatterload_zeroinit                   0x08005179   Thumb Code    14  handlers.o(i.__scatterload_zeroinit)
    main                                     0x08005187   Thumb Code    66  main.o(i.main)
    AHBPrescTable                            0x080051ec   Data          16  system_stm32f1xx.o(.constdata)
    APBPrescTable                            0x080051fc   Data           8  system_stm32f1xx.o(.constdata)
    OLED_F8x16                               0x08005204   Data        1520  oled.o(.constdata)
    Region$$Table$$Base                      0x080057f4   Number         0  anon$$obj.o(Region$$Table)
    Region$$Table$$Limit                     0x08005814   Number         0  anon$$obj.o(Region$$Table)
    uwTickFreq                               0x20000000   Data           1  stm32f1xx_hal.o(.data)
    uwTickPrio                               0x20000004   Data           4  stm32f1xx_hal.o(.data)
    uwTick                                   0x20000008   Data           4  stm32f1xx_hal.o(.data)
    SystemCoreClock                          0x2000000c   Data           4  system_stm32f1xx.o(.data)
    USBD_HID                                 0x20000014   Data          56  usbd_hid.o(.data)
    FS_Desc                                  0x20000110   Data          28  usbd_desc.o(.data)
    USBD_LangIDDesc                          0x2000012c   Data           4  usbd_desc.o(.data)
    USBD_FS_DeviceDesc                       0x20000130   Data          18  usbd_desc.o(.data)
    USBD_StringSerial                        0x20000144   Data          26  usbd_desc.o(.data)
    KeyboardNowStatus                        0x2000015e   Data           6  keyboardcontrol.o(.data)
    USB_SendBuffer                           0x20000164   Data           8  keyboardcontrol.o(.data)
    KeyboardCode                             0x2000016c   Data          52  keyboardcontrol.o(.data)
    RGBFirstChangeFlag                       0x200001a0   Data           1  rgb.o(.data)
    Luminancelimit                           0x200001a2   Data           2  rgb.o(.data)
    RGBChangeSpeed                           0x200001a4   Data           2  rgb.o(.data)
    RGBChangeSpeedCount                      0x200001a6   Data           2  rgb.o(.data)
    TimeInfo                                 0x200001a8   Data           3  rgb.o(.data)
    Now_Color                                0x200001ab   Data           3  rgb.o(.data)
    Target_Color                             0x200001ae   Data           3  rgb.o(.data)
    DataInfo                                 0x200001b1   Data           4  rgb.o(.data)
    LuminancelimitList                       0x200001b6   Data          14  rgb.o(.data)
    RGBChangeSpeedList                       0x200001c4   Data          12  rgb.o(.data)
    KeyMapping_Mode                          0x200001d0   Data           1  ctrl.o(.data)
    Luminancelimit_Mode                      0x200001d1   Data           1  ctrl.o(.data)
    RBGChange_Mode                           0x200001d2   Data           1  ctrl.o(.data)
    CTRLKeyStatus                            0x200001d3   Data           3  ctrl.o(.data)
    ButtonStatus                             0x200001d6   Data           3  ctrl.o(.data)
    hUsbDeviceFS                             0x200001e0   Data         708  usb_device.o(.bss)
    USBD_StrDesc                             0x200004a4   Data         512  usbd_desc.o(.bss)
    hpcd_USB_FS                              0x200006b8   Data         728  usbd_conf.o(.bss)
    hrtc                                     0x20000990   Data          20  rtc.o(.bss)
    htim1                                    0x200009a4   Data          72  tim.o(.bss)
    htim3                                    0x200009ec   Data          72  tim.o(.bss)
    hdma_tim1_ch1                            0x20000a34   Data          68  tim.o(.bss)
    huart1                                   0x20000a78   Data          72  usart.o(.bss)
    KeyboardStatus                           0x20000ac0   Data          12  keyboardcontrol.o(.bss)
    Pixel_Buf                                0x20000acc   Data        1344  rgb.o(.bss)
    __initial_sp                             0x20001410   Data           0  startup_stm32f103xb.o(STACK)



==============================================================================

Memory Map of the image

  Image Entry point : 0x080000ed

  Load Region LR_IROM1 (Base: 0x08000000, Size: 0x000059f4, Max: 0x00010000, ABSOLUTE, COMPRESSED[0x0000591c])

    Execution Region ER_IROM1 (Exec base: 0x08000000, Load base: 0x08000000, Size: 0x00005814, Max: 0x00010000, ABSOLUTE)

    Exec Addr    Load Addr    Size         Type   Attr      Idx    E Section Name        Object

    0x08000000   0x08000000   0x000000ec   Data   RO            3    RESET               startup_stm32f103xb.o
    0x080000ec   0x080000ec   0x00000000   Code   RO         4568  * .ARM.Collect$$$$00000000  mc_w.l(entry.o)
    0x080000ec   0x080000ec   0x00000004   Code   RO         4588    .ARM.Collect$$$$00000001  mc_w.l(entry2.o)
    0x080000f0   0x080000f0   0x00000004   Code   RO         4591    .ARM.Collect$$$$00000004  mc_w.l(entry5.o)
    0x080000f4   0x080000f4   0x00000000   Code   RO         4593    .ARM.Collect$$$$00000008  mc_w.l(entry7b.o)
    0x080000f4   0x080000f4   0x00000000   Code   RO         4595    .ARM.Collect$$$$0000000A  mc_w.l(entry8b.o)
    0x080000f4   0x080000f4   0x00000008   Code   RO         4596    .ARM.Collect$$$$0000000B  mc_w.l(entry9a.o)
    0x080000fc   0x080000fc   0x00000004   Code   RO         4603    .ARM.Collect$$$$0000000E  mc_w.l(entry12b.o)
    0x08000100   0x08000100   0x00000000   Code   RO         4598    .ARM.Collect$$$$0000000F  mc_w.l(entry10a.o)
    0x08000100   0x08000100   0x00000000   Code   RO         4600    .ARM.Collect$$$$00000011  mc_w.l(entry11a.o)
    0x08000100   0x08000100   0x00000004   Code   RO         4589    .ARM.Collect$$$$00002712  mc_w.l(entry2.o)
    0x08000104   0x08000104   0x00000024   Code   RO            4    .text               startup_stm32f103xb.o
    0x08000128   0x08000128   0x00000024   Code   RO         4573    .text               mc_w.l(rand.o)
    0x0800014c   0x0800014c   0x00000024   Code   RO         4576    .text               mc_w.l(memseta.o)
    0x08000170   0x08000170   0x00000024   Code   RO         4613    .text               mc_w.l(init.o)
    0x08000194   0x08000194   0x00000056   Code   RO         4623    .text               mc_w.l(__dczerorl2.o)
    0x080001ea   0x080001ea   0x00000002   Code   RO         4192    i.BusFault_Handler  stm32f1xx_it.o
    0x080001ec   0x080001ec   0x00000098   Code   RO         4531    i.CTRL_Init         ctrl.o
    0x08000284   0x08000284   0x000000d0   Code   RO         4532    i.CTRL_KeyStatusRefresh  ctrl.o
    0x08000354   0x08000354   0x0000000c   Code   RO         4193    i.DMA1_Channel2_IRQHandler  stm32f1xx_it.o
    0x08000360   0x08000360   0x0000002a   Code   RO          994    i.DMA_SetConfig     stm32f1xx_hal_dma.o
    0x0800038a   0x0800038a   0x00000002   Code   RO         4194    i.DebugMon_Handler  stm32f1xx_it.o
    0x0800038c   0x0800038c   0x00000004   Code   RO         3941    i.Error_Handler     main.o
    0x08000390   0x08000390   0x00000046   Code   RO          995    i.HAL_DMA_Abort     stm32f1xx_hal_dma.o
    0x080003d6   0x080003d6   0x00000002   PAD
    0x080003d8   0x080003d8   0x00000098   Code   RO          996    i.HAL_DMA_Abort_IT  stm32f1xx_hal_dma.o
    0x08000470   0x08000470   0x00000154   Code   RO         1000    i.HAL_DMA_IRQHandler  stm32f1xx_hal_dma.o
    0x080005c4   0x080005c4   0x0000005c   Code   RO         1001    i.HAL_DMA_Init      stm32f1xx_hal_dma.o
    0x08000620   0x08000620   0x00000070   Code   RO         1005    i.HAL_DMA_Start_IT  stm32f1xx_hal_dma.o
    0x08000690   0x08000690   0x00000024   Code   RO          621    i.HAL_Delay         stm32f1xx_hal.o
    0x080006b4   0x080006b4   0x000001e0   Code   RO          931    i.HAL_GPIO_Init     stm32f1xx_hal_gpio.o
    0x08000894   0x08000894   0x0000000a   Code   RO          933    i.HAL_GPIO_ReadPin  stm32f1xx_hal_gpio.o
    0x0800089e   0x0800089e   0x0000000a   Code   RO          935    i.HAL_GPIO_WritePin  stm32f1xx_hal_gpio.o
    0x080008a8   0x080008a8   0x0000000c   Code   RO          625    i.HAL_GetTick       stm32f1xx_hal.o
    0x080008b4   0x080008b4   0x00000010   Code   RO          631    i.HAL_IncTick       stm32f1xx_hal.o
    0x080008c4   0x080008c4   0x00000024   Code   RO          632    i.HAL_Init          stm32f1xx_hal.o
    0x080008e8   0x080008e8   0x00000040   Code   RO          633    i.HAL_InitTick      stm32f1xx_hal.o
    0x08000928   0x08000928   0x0000003c   Code   RO         4286    i.HAL_MspInit       stm32f1xx_hal_msp.o
    0x08000964   0x08000964   0x0000001a   Code   RO         1091    i.HAL_NVIC_EnableIRQ  stm32f1xx_hal_cortex.o
    0x0800097e   0x0800097e   0x00000002   PAD
    0x08000980   0x08000980   0x00000040   Code   RO         1097    i.HAL_NVIC_SetPriority  stm32f1xx_hal_cortex.o
    0x080009c0   0x080009c0   0x00000024   Code   RO         1098    i.HAL_NVIC_SetPriorityGrouping  stm32f1xx_hal_cortex.o
    0x080009e4   0x080009e4   0x0000003c   Code   RO          388    i.HAL_PCDEx_PMAConfig  stm32f1xx_hal_pcd_ex.o
    0x08000a20   0x08000a20   0x00000002   Code   RO         3729    i.HAL_PCDEx_SetConnectionState  usbd_conf.o
    0x08000a22   0x08000a22   0x00000012   Code   RO         3731    i.HAL_PCD_DataInStageCallback  usbd_conf.o
    0x08000a34   0x08000a34   0x00000014   Code   RO         3732    i.HAL_PCD_DataOutStageCallback  usbd_conf.o
    0x08000a48   0x08000a48   0x0000004a   Code   RO          159    i.HAL_PCD_EP_Close  stm32f1xx_hal_pcd.o
    0x08000a92   0x08000a92   0x0000005a   Code   RO          160    i.HAL_PCD_EP_ClrStall  stm32f1xx_hal_pcd.o
    0x08000aec   0x08000aec   0x000000e6   Code   RO          161    i.HAL_PCD_EP_DB_Receive  stm32f1xx_hal_pcd.o
    0x08000bd2   0x08000bd2   0x00000338   Code   RO          162    i.HAL_PCD_EP_DB_Transmit  stm32f1xx_hal_pcd.o
    0x08000f0a   0x08000f0a   0x00000058   Code   RO          165    i.HAL_PCD_EP_Open   stm32f1xx_hal_pcd.o
    0x08000f62   0x08000f62   0x0000002e   Code   RO          166    i.HAL_PCD_EP_Receive  stm32f1xx_hal_pcd.o
    0x08000f90   0x08000f90   0x00000070   Code   RO          167    i.HAL_PCD_EP_SetStall  stm32f1xx_hal_pcd.o
    0x08001000   0x08001000   0x0000002e   Code   RO          168    i.HAL_PCD_EP_Transmit  stm32f1xx_hal_pcd.o
    0x0800102e   0x0800102e   0x00000002   PAD
    0x08001030   0x08001030   0x00000134   Code   RO          170    i.HAL_PCD_IRQHandler  stm32f1xx_hal_pcd.o
    0x08001164   0x08001164   0x000000ba   Code   RO          173    i.HAL_PCD_Init      stm32f1xx_hal_pcd.o
    0x0800121e   0x0800121e   0x00000002   PAD
    0x08001220   0x08001220   0x0000003c   Code   RO         3737    i.HAL_PCD_MspInit   usbd_conf.o
    0x0800125c   0x0800125c   0x00000026   Code   RO         3738    i.HAL_PCD_ResetCallback  usbd_conf.o
    0x08001282   0x08001282   0x00000008   Code   RO         3739    i.HAL_PCD_ResumeCallback  usbd_conf.o
    0x0800128a   0x0800128a   0x00000008   Code   RO         3740    i.HAL_PCD_SOFCallback  usbd_conf.o
    0x08001292   0x08001292   0x00000026   Code   RO          179    i.HAL_PCD_SetAddress  stm32f1xx_hal_pcd.o
    0x080012b8   0x080012b8   0x0000000e   Code   RO         3741    i.HAL_PCD_SetupStageCallback  usbd_conf.o
    0x080012c6   0x080012c6   0x00000032   Code   RO          181    i.HAL_PCD_Start     stm32f1xx_hal_pcd.o
    0x080012f8   0x080012f8   0x00000024   Code   RO         3742    i.HAL_PCD_SuspendCallback  usbd_conf.o
    0x0800131c   0x0800131c   0x0000000c   Code   RO         1213    i.HAL_PWR_EnableBkUpAccess  stm32f1xx_hal_pwr.o
    0x08001328   0x08001328   0x000000a4   Code   RO          892    i.HAL_RCCEx_GetPeriphCLKFreq  stm32f1xx_hal_rcc_ex.o
    0x080013cc   0x080013cc   0x000000ec   Code   RO          893    i.HAL_RCCEx_PeriphCLKConfig  stm32f1xx_hal_rcc_ex.o
    0x080014b8   0x080014b8   0x0000012c   Code   RO          789    i.HAL_RCC_ClockConfig  stm32f1xx_hal_rcc.o
    0x080015e4   0x080015e4   0x00000020   Code   RO          796    i.HAL_RCC_GetPCLK1Freq  stm32f1xx_hal_rcc.o
    0x08001604   0x08001604   0x00000020   Code   RO          797    i.HAL_RCC_GetPCLK2Freq  stm32f1xx_hal_rcc.o
    0x08001624   0x08001624   0x0000004c   Code   RO          798    i.HAL_RCC_GetSysClockFreq  stm32f1xx_hal_rcc.o
    0x08001670   0x08001670   0x00000320   Code   RO          801    i.HAL_RCC_OscConfig  stm32f1xx_hal_rcc.o
    0x08001990   0x08001990   0x0000004e   Code   RO         1596    i.HAL_RTC_GetDate   stm32f1xx_hal_rtc.o
    0x080019de   0x080019de   0x000000d8   Code   RO         1598    i.HAL_RTC_GetTime   stm32f1xx_hal_rtc.o
    0x08001ab6   0x08001ab6   0x00000002   PAD
    0x08001ab8   0x08001ab8   0x00000094   Code   RO         1599    i.HAL_RTC_Init      stm32f1xx_hal_rtc.o
    0x08001b4c   0x08001b4c   0x00000034   Code   RO         4055    i.HAL_RTC_MspInit   rtc.o
    0x08001b80   0x08001b80   0x000000c4   Code   RO         1605    i.HAL_RTC_SetDate   stm32f1xx_hal_rtc.o
    0x08001c44   0x08001c44   0x000000ac   Code   RO         1606    i.HAL_RTC_SetTime   stm32f1xx_hal_rtc.o
    0x08001cf0   0x08001cf0   0x0000003a   Code   RO         1607    i.HAL_RTC_WaitForSynchro  stm32f1xx_hal_rtc.o
    0x08001d2a   0x08001d2a   0x00000028   Code   RO         1102    i.HAL_SYSTICK_Config  stm32f1xx_hal_cortex.o
    0x08001d52   0x08001d52   0x00000054   Code   RO         2572    i.HAL_TIMEx_ConfigBreakDeadTime  stm32f1xx_hal_tim_ex.o
    0x08001da6   0x08001da6   0x00000002   PAD
    0x08001da8   0x08001da8   0x00000068   Code   RO         2588    i.HAL_TIMEx_MasterConfigSynchronization  stm32f1xx_hal_tim_ex.o
    0x08001e10   0x08001e10   0x0000005a   Code   RO         1865    i.HAL_TIM_Base_Init  stm32f1xx_hal_tim.o
    0x08001e6a   0x08001e6a   0x00000002   PAD
    0x08001e6c   0x08001e6c   0x0000007c   Code   RO         4097    i.HAL_TIM_Base_MspInit  tim.o
    0x08001ee8   0x08001ee8   0x00000050   Code   RO         1868    i.HAL_TIM_Base_Start  stm32f1xx_hal_tim.o
    0x08001f38   0x08001f38   0x000000dc   Code   RO         1874    i.HAL_TIM_ConfigClockSource  stm32f1xx_hal_tim.o
    0x08002014   0x08002014   0x00000002   Code   RO         1895    i.HAL_TIM_ErrorCallback  stm32f1xx_hal_tim.o
    0x08002016   0x08002016   0x00000002   PAD
    0x08002018   0x08002018   0x0000004c   Code   RO         4098    i.HAL_TIM_MspPostInit  tim.o
    0x08002064   0x08002064   0x000000cc   Code   RO         1937    i.HAL_TIM_PWM_ConfigChannel  stm32f1xx_hal_tim.o
    0x08002130   0x08002130   0x0000005a   Code   RO         1940    i.HAL_TIM_PWM_Init  stm32f1xx_hal_tim.o
    0x0800218a   0x0800218a   0x00000002   Code   RO         1942    i.HAL_TIM_PWM_MspInit  stm32f1xx_hal_tim.o
    0x0800218c   0x0800218c   0x00000002   Code   RO         1943    i.HAL_TIM_PWM_PulseFinishedCallback  stm32f1xx_hal_tim.o
    0x0800218e   0x0800218e   0x00000002   Code   RO         1944    i.HAL_TIM_PWM_PulseFinishedHalfCpltCallback  stm32f1xx_hal_tim.o
    0x08002190   0x08002190   0x00000194   Code   RO         1946    i.HAL_TIM_PWM_Start_DMA  stm32f1xx_hal_tim.o
    0x08002324   0x08002324   0x00000002   Code   RO         2848    i.HAL_UARTEx_RxEventCallback  stm32f1xx_hal_uart.o
    0x08002326   0x08002326   0x00000002   Code   RO         2862    i.HAL_UART_ErrorCallback  stm32f1xx_hal_uart.o
    0x08002328   0x08002328   0x0000026c   Code   RO         2865    i.HAL_UART_IRQHandler  stm32f1xx_hal_uart.o
    0x08002594   0x08002594   0x00000064   Code   RO         2866    i.HAL_UART_Init     stm32f1xx_hal_uart.o
    0x080025f8   0x080025f8   0x00000080   Code   RO         4151    i.HAL_UART_MspInit  usart.o
    0x08002678   0x08002678   0x00000002   Code   RO         2872    i.HAL_UART_RxCpltCallback  stm32f1xx_hal_uart.o
    0x0800267a   0x0800267a   0x00000002   Code   RO         2877    i.HAL_UART_TxCpltCallback  stm32f1xx_hal_uart.o
    0x0800267c   0x0800267c   0x00000002   Code   RO         4195    i.HardFault_Handler  stm32f1xx_it.o
    0x0800267e   0x0800267e   0x00000002   PAD
    0x08002680   0x08002680   0x00000038   Code   RO         3656    i.IntToUnicode      usbd_desc.o
    0x080026b8   0x080026b8   0x00000100   Code   RO         4310    i.KeyboardCTRL      keyboardcontrol.o
    0x080027b8   0x080027b8   0x0000002c   Code   RO         4030    i.MX_DMA_Init       dma.o
    0x080027e4   0x080027e4   0x000000d0   Code   RO         4006    i.MX_GPIO_Init      gpio.o
    0x080028b4   0x080028b4   0x00000068   Code   RO         4056    i.MX_RTC_Init       rtc.o
    0x0800291c   0x0800291c   0x000000c4   Code   RO         4099    i.MX_TIM1_Init      tim.o
    0x080029e0   0x080029e0   0x00000068   Code   RO         4100    i.MX_TIM3_Init      tim.o
    0x08002a48   0x08002a48   0x00000038   Code   RO         4152    i.MX_USART1_UART_Init  usart.o
    0x08002a80   0x08002a80   0x00000040   Code   RO         3608    i.MX_USB_DEVICE_Init  usb_device.o
    0x08002ac0   0x08002ac0   0x00000002   Code   RO         4196    i.MemManage_Handler  stm32f1xx_it.o
    0x08002ac2   0x08002ac2   0x00000002   Code   RO         4197    i.NMI_Handler       stm32f1xx_it.o
    0x08002ac4   0x08002ac4   0x00000026   Code   RO         4339    i.OLED_Clear        oled.o
    0x08002aea   0x08002aea   0x00000002   PAD
    0x08002aec   0x08002aec   0x00000020   Code   RO         4341    i.OLED_I2C_Init     oled.o
    0x08002b0c   0x08002b0c   0x00000054   Code   RO         4342    i.OLED_I2C_SendByte  oled.o
    0x08002b60   0x08002b60   0x00000034   Code   RO         4343    i.OLED_I2C_Start    oled.o
    0x08002b94   0x08002b94   0x0000002c   Code   RO         4344    i.OLED_I2C_Stop     oled.o
    0x08002bc0   0x08002bc0   0x000000ac   Code   RO         4345    i.OLED_Init         oled.o
    0x08002c6c   0x08002c6c   0x0000000e   Code   RO         4346    i.OLED_Pow          oled.o
    0x08002c7a   0x08002c7a   0x00000022   Code   RO         4347    i.OLED_SetCursor    oled.o
    0x08002c9c   0x08002c9c   0x00000068   Code   RO         4349    i.OLED_ShowChar     oled.o
    0x08002d04   0x08002d04   0x00000042   Code   RO         4351    i.OLED_ShowNum      oled.o
    0x08002d46   0x08002d46   0x00000026   Code   RO         4353    i.OLED_ShowString   oled.o
    0x08002d6c   0x08002d6c   0x00000022   Code   RO         4354    i.OLED_WriteCommand  oled.o
    0x08002d8e   0x08002d8e   0x00000022   Code   RO         4355    i.OLED_WriteData    oled.o
    0x08002db0   0x08002db0   0x000003a6   Code   RO          185    i.PCD_EP_ISR_Handler  stm32f1xx_hal_pcd.o
    0x08003156   0x08003156   0x00000002   Code   RO         4198    i.PendSV_Handler    stm32f1xx_it.o
    0x08003158   0x08003158   0x000001b4   Code   RO         4466    i.RGB_ColorCtrl     rgb.o
    0x0800330c   0x0800330c   0x0000007c   Code   RO         4467    i.RGB_Init          rgb.o
    0x08003388   0x08003388   0x00000024   Code   RO         4468    i.RGB_SendArray     rgb.o
    0x080033ac   0x080033ac   0x00000084   Code   RO         4469    i.RGB_SetColor      rgb.o
    0x08003430   0x08003430   0x00000026   Code   RO         4470    i.RGB_Show          rgb.o
    0x08003456   0x08003456   0x00000012   Code   RO         1608    i.RTC_Bcd2ToByte    stm32f1xx_hal_rtc.o
    0x08003468   0x08003468   0x00000016   Code   RO         1609    i.RTC_ByteToBcd2    stm32f1xx_hal_rtc.o
    0x0800347e   0x0800347e   0x000000ae   Code   RO         1610    i.RTC_DateUpdate    stm32f1xx_hal_rtc.o
    0x0800352c   0x0800352c   0x00000034   Code   RO         1611    i.RTC_EnterInitMode  stm32f1xx_hal_rtc.o
    0x08003560   0x08003560   0x00000036   Code   RO         1612    i.RTC_ExitInitMode  stm32f1xx_hal_rtc.o
    0x08003596   0x08003596   0x0000000e   Code   RO         1613    i.RTC_ReadAlarmCounter  stm32f1xx_hal_rtc.o
    0x080035a4   0x080035a4   0x00000020   Code   RO         1614    i.RTC_ReadTimeCounter  stm32f1xx_hal_rtc.o
    0x080035c4   0x080035c4   0x00000056   Code   RO         1615    i.RTC_WeekDayNum    stm32f1xx_hal_rtc.o
    0x0800361a   0x0800361a   0x00000028   Code   RO         1616    i.RTC_WriteAlarmCounter  stm32f1xx_hal_rtc.o
    0x08003642   0x08003642   0x00000028   Code   RO         1617    i.RTC_WriteTimeCounter  stm32f1xx_hal_rtc.o
    0x0800366a   0x0800366a   0x00000002   PAD
    0x0800366c   0x0800366c   0x00000020   Code   RO         4471    i.Reset_Load        rgb.o
    0x0800368c   0x0800368c   0x00000002   Code   RO         4199    i.SVC_Handler       stm32f1xx_it.o
    0x0800368e   0x0800368e   0x00000004   Code   RO         4200    i.SysTick_Handler   stm32f1xx_it.o
    0x08003692   0x08003692   0x00000084   Code   RO         3942    i.SystemClock_Config  main.o
    0x08003716   0x08003716   0x00000002   Code   RO         3200    i.SystemInit        system_stm32f1xx.o
    0x08003718   0x08003718   0x00000078   Code   RO         1958    i.TIM_Base_SetConfig  stm32f1xx_hal_tim.o
    0x08003790   0x08003790   0x0000001a   Code   RO         1959    i.TIM_CCxChannelCmd  stm32f1xx_hal_tim.o
    0x080037aa   0x080037aa   0x0000005e   Code   RO         1962    i.TIM_DMADelayPulseCplt  stm32f1xx_hal_tim.o
    0x08003808   0x08003808   0x00000038   Code   RO         1963    i.TIM_DMADelayPulseHalfCplt  stm32f1xx_hal_tim.o
    0x08003840   0x08003840   0x00000054   Code   RO         1964    i.TIM_DMAError      stm32f1xx_hal_tim.o
    0x08003894   0x08003894   0x00000014   Code   RO         1969    i.TIM_ETR_SetConfig  stm32f1xx_hal_tim.o
    0x080038a8   0x080038a8   0x00000010   Code   RO         1970    i.TIM_ITRx_SetConfig  stm32f1xx_hal_tim.o
    0x080038b8   0x080038b8   0x00000050   Code   RO         1971    i.TIM_OC1_SetConfig  stm32f1xx_hal_tim.o
    0x08003908   0x08003908   0x00000058   Code   RO         1972    i.TIM_OC2_SetConfig  stm32f1xx_hal_tim.o
    0x08003960   0x08003960   0x00000058   Code   RO         1973    i.TIM_OC3_SetConfig  stm32f1xx_hal_tim.o
    0x080039b8   0x080039b8   0x00000044   Code   RO         1974    i.TIM_OC4_SetConfig  stm32f1xx_hal_tim.o
    0x080039fc   0x080039fc   0x00000022   Code   RO         1976    i.TIM_TI1_ConfigInputStage  stm32f1xx_hal_tim.o
    0x08003a1e   0x08003a1e   0x00000024   Code   RO         1978    i.TIM_TI2_ConfigInputStage  stm32f1xx_hal_tim.o
    0x08003a42   0x08003a42   0x00000010   Code   RO         2879    i.UART_DMAAbortOnError  stm32f1xx_hal_uart.o
    0x08003a52   0x08003a52   0x0000004e   Code   RO         2889    i.UART_EndRxTransfer  stm32f1xx_hal_uart.o
    0x08003aa0   0x08003aa0   0x000000c2   Code   RO         2891    i.UART_Receive_IT   stm32f1xx_hal_uart.o
    0x08003b62   0x08003b62   0x00000002   PAD
    0x08003b64   0x08003b64   0x000000b8   Code   RO         2892    i.UART_SetConfig    stm32f1xx_hal_uart.o
    0x08003c1c   0x08003c1c   0x0000000c   Code   RO         4201    i.USART1_IRQHandler  stm32f1xx_it.o
    0x08003c28   0x08003c28   0x0000000e   Code   RO         3237    i.USBD_ClrClassConfig  usbd_core.o
    0x08003c36   0x08003c36   0x00000010   Code   RO         3471    i.USBD_CtlContinueRx  usbd_ioreq.o
    0x08003c46   0x08003c46   0x00000010   Code   RO         3472    i.USBD_CtlContinueSendData  usbd_ioreq.o
    0x08003c56   0x08003c56   0x00000016   Code   RO         3406    i.USBD_CtlError     usbd_ctlreq.o
    0x08003c6c   0x08003c6c   0x00000016   Code   RO         3474    i.USBD_CtlReceiveStatus  usbd_ioreq.o
    0x08003c82   0x08003c82   0x0000001a   Code   RO         3475    i.USBD_CtlSendData  usbd_ioreq.o
    0x08003c9c   0x08003c9c   0x00000016   Code   RO         3476    i.USBD_CtlSendStatus  usbd_ioreq.o
    0x08003cb2   0x08003cb2   0x00000002   PAD
    0x08003cb4   0x08003cb4   0x00000020   Code   RO         3657    i.USBD_FS_ConfigStrDescriptor  usbd_desc.o
    0x08003cd4   0x08003cd4   0x0000000c   Code   RO         3658    i.USBD_FS_DeviceDescriptor  usbd_desc.o
    0x08003ce0   0x08003ce0   0x00000024   Code   RO         3659    i.USBD_FS_InterfaceStrDescriptor  usbd_desc.o
    0x08003d04   0x08003d04   0x0000000c   Code   RO         3660    i.USBD_FS_LangIDStrDescriptor  usbd_desc.o
    0x08003d10   0x08003d10   0x00000020   Code   RO         3661    i.USBD_FS_ManufacturerStrDescriptor  usbd_desc.o
    0x08003d30   0x08003d30   0x00000020   Code   RO         3662    i.USBD_FS_ProductStrDescriptor  usbd_desc.o
    0x08003d50   0x08003d50   0x00000038   Code   RO         3663    i.USBD_FS_SerialStrDescriptor  usbd_desc.o
    0x08003d88   0x08003d88   0x000000e8   Code   RO         3407    i.USBD_GetDescriptor  usbd_ctlreq.o
    0x08003e70   0x08003e70   0x00000048   Code   RO         3408    i.USBD_GetString    usbd_ctlreq.o
    0x08003eb8   0x08003eb8   0x00000018   Code   RO         3743    i.USBD_Get_USB_Status  usbd_conf.o
    0x08003ed0   0x08003ed0   0x0000000c   Code   RO         3531    i.USBD_HID_DataIn   usbd_hid.o
    0x08003edc   0x08003edc   0x00000020   Code   RO         3532    i.USBD_HID_DeInit   usbd_hid.o
    0x08003efc   0x08003efc   0x0000000c   Code   RO         3533    i.USBD_HID_GetDeviceQualifierDesc  usbd_hid.o
    0x08003f08   0x08003f08   0x0000000c   Code   RO         3534    i.USBD_HID_GetFSCfgDesc  usbd_hid.o
    0x08003f14   0x08003f14   0x0000000c   Code   RO         3535    i.USBD_HID_GetHSCfgDesc  usbd_hid.o
    0x08003f20   0x08003f20   0x0000000c   Code   RO         3536    i.USBD_HID_GetOtherSpeedCfgDesc  usbd_hid.o
    0x08003f2c   0x08003f2c   0x0000002a   Code   RO         3538    i.USBD_HID_Init     usbd_hid.o
    0x08003f56   0x08003f56   0x00000024   Code   RO         3539    i.USBD_HID_SendReport  usbd_hid.o
    0x08003f7a   0x08003f7a   0x00000002   PAD
    0x08003f7c   0x08003f7c   0x000000c8   Code   RO         3540    i.USBD_HID_Setup    usbd_hid.o
    0x08004044   0x08004044   0x0000002a   Code   RO         3239    i.USBD_Init         usbd_core.o
    0x0800406e   0x0800406e   0x00000012   Code   RO         3744    i.USBD_LL_ClearStallEP  usbd_conf.o
    0x08004080   0x08004080   0x00000012   Code   RO         3745    i.USBD_LL_CloseEP   usbd_conf.o
    0x08004092   0x08004092   0x000000c6   Code   RO         3240    i.USBD_LL_DataInStage  usbd_core.o
    0x08004158   0x08004158   0x00000082   Code   RO         3241    i.USBD_LL_DataOutStage  usbd_core.o
    0x080041da   0x080041da   0x00000002   PAD
    0x080041dc   0x080041dc   0x00000068   Code   RO         3750    i.USBD_LL_Init      usbd_conf.o
    0x08004244   0x08004244   0x0000001e   Code   RO         3751    i.USBD_LL_IsStallEP  usbd_conf.o
    0x08004262   0x08004262   0x00000018   Code   RO         3752    i.USBD_LL_OpenEP    usbd_conf.o
    0x0800427a   0x0800427a   0x00000012   Code   RO         3753    i.USBD_LL_PrepareReceive  usbd_conf.o
    0x0800428c   0x0800428c   0x00000050   Code   RO         3246    i.USBD_LL_Reset     usbd_core.o
    0x080042dc   0x080042dc   0x00000014   Code   RO         3247    i.USBD_LL_Resume    usbd_core.o
    0x080042f0   0x080042f0   0x00000018   Code   RO         3248    i.USBD_LL_SOF       usbd_core.o
    0x08004308   0x08004308   0x00000006   Code   RO         3249    i.USBD_LL_SetSpeed  usbd_core.o
    0x0800430e   0x0800430e   0x00000012   Code   RO         3754    i.USBD_LL_SetUSBAddress  usbd_conf.o
    0x08004320   0x08004320   0x0000005a   Code   RO         3250    i.USBD_LL_SetupStage  usbd_core.o
    0x0800437a   0x0800437a   0x00000012   Code   RO         3755    i.USBD_LL_StallEP   usbd_conf.o
    0x0800438c   0x0800438c   0x00000012   Code   RO         3756    i.USBD_LL_Start     usbd_conf.o
    0x0800439e   0x0800439e   0x00000012   Code   RO         3251    i.USBD_LL_Suspend   usbd_core.o
    0x080043b0   0x080043b0   0x00000012   Code   RO         3758    i.USBD_LL_Transmit  usbd_conf.o
    0x080043c2   0x080043c2   0x00000028   Code   RO         3409    i.USBD_ParseSetupRequest  usbd_ctlreq.o
    0x080043ea   0x080043ea   0x00000010   Code   RO         3252    i.USBD_RegisterClass  usbd_core.o
    0x080043fa   0x080043fa   0x00000016   Code   RO         3254    i.USBD_SetClassConfig  usbd_core.o
    0x08004410   0x08004410   0x00000084   Code   RO         3410    i.USBD_SetConfig    usbd_ctlreq.o
    0x08004494   0x08004494   0x0000000a   Code   RO         3255    i.USBD_Start        usbd_core.o
    0x0800449e   0x0800449e   0x00000112   Code   RO         3411    i.USBD_StdDevReq    usbd_ctlreq.o
    0x080045b0   0x080045b0   0x00000150   Code   RO         3412    i.USBD_StdEPReq     usbd_ctlreq.o
    0x08004700   0x08004700   0x0000004e   Code   RO         3413    i.USBD_StdItfReq    usbd_ctlreq.o
    0x0800474e   0x0800474e   0x00000002   Code   RO         3759    i.USBD_static_free  usbd_conf.o
    0x08004750   0x08004750   0x00000008   Code   RO         3760    i.USBD_static_malloc  usbd_conf.o
    0x08004758   0x08004758   0x0000029c   Code   RO          428    i.USB_ActivateEndpoint  stm32f1xx_ll_usb.o
    0x080049f4   0x080049f4   0x00000004   Code   RO          431    i.USB_CoreInit      stm32f1xx_ll_usb.o
    0x080049f8   0x080049f8   0x0000010e   Code   RO          433    i.USB_DeactivateEndpoint  stm32f1xx_ll_usb.o
    0x08004b06   0x08004b06   0x00000004   Code   RO          434    i.USB_DevConnect    stm32f1xx_ll_usb.o
    0x08004b0a   0x08004b0a   0x00000004   Code   RO          435    i.USB_DevDisconnect  stm32f1xx_ll_usb.o
    0x08004b0e   0x08004b0e   0x00000012   Code   RO          436    i.USB_DevInit       stm32f1xx_ll_usb.o
    0x08004b20   0x08004b20   0x0000000e   Code   RO          437    i.USB_DisableGlobalInt  stm32f1xx_ll_usb.o
    0x08004b2e   0x08004b2e   0x00000004   Code   RO          438    i.USB_EP0_OutStart  stm32f1xx_ll_usb.o
    0x08004b32   0x08004b32   0x00000078   Code   RO          439    i.USB_EPClearStall  stm32f1xx_ll_usb.o
    0x08004baa   0x08004baa   0x00000032   Code   RO          440    i.USB_EPSetStall    stm32f1xx_ll_usb.o
    0x08004bdc   0x08004bdc   0x000004e2   Code   RO          441    i.USB_EPStartXfer   stm32f1xx_ll_usb.o
    0x080050be   0x080050be   0x00000012   Code   RO          443    i.USB_EnableGlobalInt  stm32f1xx_ll_usb.o
    0x080050d0   0x080050d0   0x0000000c   Code   RO         4202    i.USB_LP_CAN1_RX0_IRQHandler  stm32f1xx_it.o
    0x080050dc   0x080050dc   0x00000006   Code   RO          450    i.USB_ReadInterrupts  stm32f1xx_ll_usb.o
    0x080050e2   0x080050e2   0x00000002   PAD
    0x080050e4   0x080050e4   0x0000002c   Code   RO          451    i.USB_ReadPMA       stm32f1xx_ll_usb.o
    0x08005110   0x08005110   0x00000004   Code   RO          452    i.USB_SetCurrentMode  stm32f1xx_ll_usb.o
    0x08005114   0x08005114   0x0000000c   Code   RO          453    i.USB_SetDevAddress  stm32f1xx_ll_usb.o
    0x08005120   0x08005120   0x00000026   Code   RO          455    i.USB_WritePMA      stm32f1xx_ll_usb.o
    0x08005146   0x08005146   0x00000002   Code   RO         4203    i.UsageFault_Handler  stm32f1xx_it.o
    0x08005148   0x08005148   0x00000020   Code   RO         1104    i.__NVIC_SetPriority  stm32f1xx_hal_cortex.o
    0x08005168   0x08005168   0x0000000e   Code   RO         4617    i.__scatterload_copy  mc_w.l(handlers.o)
    0x08005176   0x08005176   0x00000002   Code   RO         4618    i.__scatterload_null  mc_w.l(handlers.o)
    0x08005178   0x08005178   0x0000000e   Code   RO         4619    i.__scatterload_zeroinit  mc_w.l(handlers.o)
    0x08005186   0x08005186   0x00000042   Code   RO         3943    i.main              main.o
    0x080051c8   0x080051c8   0x00000012   Data   RO          802    .constdata          stm32f1xx_hal_rcc.o
    0x080051da   0x080051da   0x00000012   Data   RO          894    .constdata          stm32f1xx_hal_rcc_ex.o
    0x080051ec   0x080051ec   0x00000010   Data   RO         3201    .constdata          system_stm32f1xx.o
    0x080051fc   0x080051fc   0x00000008   Data   RO         3202    .constdata          system_stm32f1xx.o
    0x08005204   0x08005204   0x000005f0   Data   RO         4356    .constdata          oled.o
    0x080057f4   0x080057f4   0x00000020   Data   RO         4615    Region$$Table       anon$$obj.o


    Execution Region RW_IRAM1 (Exec base: 0x20000000, Load base: 0x08005814, Size: 0x00001410, Max: 0x00005000, ABSOLUTE, COMPRESSED[0x00000108])

    Exec Addr    Load Addr    Size         Type   Attr      Idx    E Section Name        Object

    0x20000000   COMPRESSED   0x0000000c   Data   RW          639    .data               stm32f1xx_hal.o
    0x2000000c   COMPRESSED   0x00000004   Data   RW         3203    .data               system_stm32f1xx.o
    0x20000010   COMPRESSED   0x00000001   Data   RW         3414    .data               usbd_ctlreq.o
    0x20000011   COMPRESSED   0x00000003   PAD
    0x20000014   COMPRESSED   0x00000038   Data   RW         3541    .data               usbd_hid.o
    0x2000004c   COMPRESSED   0x000000c3   Data   RW         3542    .data               usbd_hid.o
    0x2000010f   COMPRESSED   0x00000001   PAD
    0x20000110   COMPRESSED   0x0000001c   Data   RW         3665    .data               usbd_desc.o
    0x2000012c   COMPRESSED   0x00000032   Data   RW         3666    .data               usbd_desc.o
    0x2000015e   COMPRESSED   0x00000042   Data   RW         4312    .data               keyboardcontrol.o
    0x200001a0   COMPRESSED   0x00000030   Data   RW         4473    .data               rgb.o
    0x200001d0   COMPRESSED   0x00000009   Data   RW         4533    .data               ctrl.o
    0x200001d9   COMPRESSED   0x00000003   PAD
    0x200001dc   COMPRESSED   0x00000004   Data   RW         4574    .data               mc_w.l(rand.o)
    0x200001e0        -       0x000002c4   Zero   RW         3609    .bss                usb_device.o
    0x200004a4        -       0x00000200   Zero   RW         3664    .bss                usbd_desc.o
    0x200006a4        -       0x000002ec   Zero   RW         3761    .bss                usbd_conf.o
    0x20000990        -       0x00000014   Zero   RW         4057    .bss                rtc.o
    0x200009a4        -       0x000000d4   Zero   RW         4101    .bss                tim.o
    0x20000a78        -       0x00000048   Zero   RW         4153    .bss                usart.o
    0x20000ac0        -       0x0000000c   Zero   RW         4311    .bss                keyboardcontrol.o
    0x20000acc        -       0x00000540   Zero   RW         4472    .bss                rgb.o
    0x2000100c   COMPRESSED   0x00000004   PAD
    0x20001010        -       0x00000400   Zero   RW            1    STACK               startup_stm32f103xb.o


==============================================================================

Image component sizes


      Code (inc. data)   RO Data    RW Data    ZI Data      Debug   Object Name

       360         88          0          9          0       1996   ctrl.o
        44          4          0          0          0        770   dma.o
       208         18          0          0          0        995   gpio.o
       256         26          0         66         12       1561   keyboardcontrol.o
       202          0          0          0          0       2128   main.o
       746         26       1520          0          0       8625   oled.o
       798         54          0         48       1344       5186   rgb.o
       156         20          0          0         20       1603   rtc.o
        36          8        236          0       1024        808   startup_stm32f103xb.o
       164         28          0         12          0       5953   stm32f1xx_hal.o
       198         14          0          0          0      28983   stm32f1xx_hal_cortex.o
       808         36          0          0          0       5030   stm32f1xx_hal_dma.o
       500         34          0          0          0       3535   stm32f1xx_hal_gpio.o
         0          0          0          0          0     444892   stm32f1xx_hal_gpio_ex.o
        60          8          0          0          0        886   stm32f1xx_hal_msp.o
      3026          0          0          0          0      13729   stm32f1xx_hal_pcd.o
        60          0          0          0          0       1186   stm32f1xx_hal_pcd_ex.o
        12          4          0          0          0        519   stm32f1xx_hal_pwr.o
      1240         84         18          0          0       5148   stm32f1xx_hal_rcc.o
       400         28         18          0          0       2489   stm32f1xx_hal_rcc_ex.o
      1400         12          0          0          0      12816   stm32f1xx_hal_rtc.o
      1906         72          0          0          0      17156   stm32f1xx_hal_tim.o
       188         12          0          0          0       2160   stm32f1xx_hal_tim_ex.o
      1200         10          0          0          0       8040   stm32f1xx_hal_uart.o
        56         18          0          0          0       5278   stm32f1xx_it.o
      2528          0          0          0          0      16227   stm32f1xx_ll_usb.o
         2          0         24          4          0       1131   system_stm32f1xx.o
       500         50          0          0        212       3203   tim.o
       184         20          0          0         72       1714   usart.o
        64         12          0          0        708        792   usb_device.o
       522         30          0          0        748      13789   usbd_conf.o
       670          0          0          0          0      14131   usbd_core.o
      1186         28          0          1          0       7976   usbd_ctlreq.o
       268         84          0         78        512       5961   usbd_desc.o
       370         20          0        251          0       7861   usbd_hid.o
       102          0          0          0          0       3688   usbd_ioreq.o

    ----------------------------------------------------------------------
     20452        848       1848        476       4656     657945   Object Totals
         0          0         32          0          0          0   (incl. Generated)
        32          0          0          7          4          0   (incl. Padding)

    ----------------------------------------------------------------------

      Code (inc. data)   RO Data    RW Data    ZI Data      Debug   Library Member Name

        86          0          0          0          0          0   __dczerorl2.o
         0          0          0          0          0          0   entry.o
         0          0          0          0          0          0   entry10a.o
         0          0          0          0          0          0   entry11a.o
         4          0          0          0          0          0   entry12b.o
         8          4          0          0          0          0   entry2.o
         4          0          0          0          0          0   entry5.o
         0          0          0          0          0          0   entry7b.o
         0          0          0          0          0          0   entry8b.o
         8          4          0          0          0          0   entry9a.o
        30          0          0          0          0          0   handlers.o
        36          8          0          0          0         68   init.o
        36          0          0          0          0        108   memseta.o
        36         10          0          4          0        136   rand.o

    ----------------------------------------------------------------------
       248         26          0          4          0        312   Library Totals
         0          0          0          0          0          0   (incl. Padding)

    ----------------------------------------------------------------------

      Code (inc. data)   RO Data    RW Data    ZI Data      Debug   Library Name

       248         26          0          4          0        312   mc_w.l

    ----------------------------------------------------------------------
       248         26          0          4          0        312   Library Totals

    ----------------------------------------------------------------------

==============================================================================


      Code (inc. data)   RO Data    RW Data    ZI Data      Debug   

     20700        874       1848        480       4656     647049   Grand Totals
     20700        874       1848        264       4656     647049   ELF Image Totals (compressed)
     20700        874       1848        264          0          0   ROM Totals

==============================================================================

    Total RO  Size (Code + RO Data)                22548 (  22.02kB)
    Total RW  Size (RW Data + ZI Data)              5136 (   5.02kB)
    Total ROM Size (Code + RO Data + RW Data)      22812 (  22.28kB)

==============================================================================

