<html>
<body>
<pre>
<h1>µVision Build Log</h1>
<h2>Tool Versions:</h2>
IDE-Version: ¦ÌVision V5.39.0.0
Copyright (C) 2023 ARM Ltd and ARM Germany GmbH. All rights reserved.
License Information: MineCraftxmjQAQ MineCraftxmjQAQ, MineCraftxmjQAQ, LIC=X96CK-Z2ANL-SBTEJ-UUZAZ-LW2ZB-W12EZ
 
Tool Versions:
Toolchain:       MDK-ARM Plus  Version: 5.39.0.0
Toolchain Path:  D:\Program Files\Keil5\ARM\ARMCC\Bin
C Compiler:      Armcc.exe V5.06 update 7 (build 960)
Assembler:       Armasm.exe V5.06 update 7 (build 960)
Linker/Locator:  ArmLink.exe V5.06 update 7 (build 960)
Library Manager: ArmAr.exe V5.06 update 7 (build 960)
Hex Converter:   FromElf.exe V5.06 update 7 (build 960)
CPU DLL:         SARMCM3.DLL V5.39.0.0
Dialog DLL:      DCM.DLL V1.17.5.0
Target DLL:      STLink\ST-LINKIII-KEIL_SWO.dll V3.2.0.0
Dialog DLL:      TCM.DLL V1.56.4.0
 
<h2>Project:</h2>
D:\Documents\STM32Cube\Source\KeyBoard\MDK-ARM\KeyBoard.uvprojx
Project File Date:  11/25/2024

<h2>Output:</h2>
*** Using Compiler 'V5.06 update 7 (build 960)', folder: 'D:\Program Files\Keil5\ARM\ARMCC\Bin'
Rebuild target 'KeyBoard'
assembling startup_stm32f103xb.s...
compiling stm32f1xx_hal_cortex.c...
compiling stm32f1xx_hal_pcd_ex.c...
compiling stm32f1xx_hal_gpio_ex.c...
compiling stm32f1xx_hal_gpio.c...
compiling stm32f1xx_hal_flash.c...
compiling stm32f1xx_hal_rcc_ex.c...
compiling stm32f1xx_hal_rtc.c...
compiling stm32f1xx_hal.c...
compiling stm32f1xx_hal_pwr.c...
compiling stm32f1xx_hal_exti.c...
compiling stm32f1xx_hal_flash_ex.c...
compiling stm32f1xx_hal_dma.c...
compiling stm32f1xx_hal_rcc.c...
compiling stm32f1xx_hal_pcd.c...
compiling stm32f1xx_ll_usb.c...
compiling system_stm32f1xx.c...
compiling usbd_ioreq.c...
compiling dma.c...
compiling stm32f1xx_hal_rtc_ex.c...
compiling usbd_hid.c...
compiling gpio.c...
compiling usbd_desc.c...
compiling usb_device.c...
compiling usbd_core.c...
compiling main.c...
compiling usbd_conf.c...
compiling usbd_ctlreq.c...
compiling stm32f1xx_hal_uart.c...
compiling stm32f1xx_hal_tim_ex.c...
compiling stm32f1xx_hal_tim.c...
compiling rtc.c...
compiling usart.c...
compiling stm32f1xx_hal_msp.c...
compiling stm32f1xx_it.c...
compiling tim.c...
compiling KeyboardControl.c...
compiling RGB.c...
compiling CTRL.c...
compiling OLED.c...
linking...
Program Size: Code=20218 RO-data=1850 RW-data=480 ZI-data=4656  
FromELF: creating hex file...
"KeyBoard\KeyBoard.axf" - 0 Error(s), 0 Warning(s).

<h2>Software Packages used:</h2>

Package Vendor: ARM
                http://www.keil.com/pack/ARM.CMSIS.5.9.0.pack
                ARM::CMSIS@5.9.0
                CMSIS (Common Microcontroller Software Interface Standard)
   * Component: CORE Version: 5.6.0

Package Vendor: Keil
                https://www.keil.com/pack/Keil.STM32F1xx_DFP.2.4.1.pack
                Keil::STM32F1xx_DFP@2.4.1
                STMicroelectronics STM32F1 Series Device Support, Drivers and Examples

<h2>Collection of Component include folders:</h2>
  ./RTE/_KeyBoard
  D:/Program Files/Keil5/ARM/Packs/ARM/CMSIS/5.9.0/CMSIS/Core/Include
  D:/Program Files/Keil5/ARM/Packs/Keil/STM32F1xx_DFP/2.4.1/Device/Include

<h2>Collection of Component Files used:</h2>

   * Component: ARM::CMSIS:CORE@5.6.0
      Include file:  CMSIS/Core/Include/tz_context.h
Build Time Elapsed:  00:00:05
</pre>
</body>
</html>
